12-08 14:53:20.479  3580  3580 V ActivityScenario: Activity lifecycle changed event received but ignored because the intent does not match. startActivityIntent=Intent { act=android.intent.action.MAIN cat=[android.intent.category.LAUNCHER] cmp=com.example.dogglers/.HorizontalListActivity }, activity.getIntent()=Intent { act=android.intent.action.MAIN cat=[android.intent.category.LAUNCHER] flg=0x10000000 cmp=com.example.dogglers/androidx.test.core.app.InstrumentationActivityInvoker$EmptyActivity }, activity=androidx.test.core.app.InstrumentationActivityInvoker$EmptyActivity@29a6286
12-08 14:53:20.482  3580  3580 D LifecycleMonitor: Lifecycle status change: androidx.test.core.app.InstrumentationActivityInvoker$EmptyActivity@29a6286 in: STARTED
12-08 14:53:20.482  3580  3580 V ActivityScenario: Activity lifecycle changed event received but ignored because the intent does not match. startActivityIntent=Intent { act=android.intent.action.MAIN cat=[android.intent.category.LAUNCHER] cmp=com.example.dogglers/.HorizontalListActivity }, activity.getIntent()=Intent { act=android.intent.action.MAIN cat=[android.intent.category.LAUNCHER] flg=0x10000000 cmp=com.example.dogglers/androidx.test.core.app.InstrumentationActivityInvoker$EmptyActivity }, activity=androidx.test.core.app.InstrumentationActivityInvoker$EmptyActivity@29a6286
12-08 14:53:20.486  3580  3580 D LifecycleMonitor: Lifecycle status change: androidx.test.core.app.InstrumentationActivityInvoker$EmptyActivity@29a6286 in: RESUMED
12-08 14:53:20.488  3580  3580 V ActivityScenario: Activity lifecycle changed event received but ignored because the intent does not match. startActivityIntent=Intent { act=android.intent.action.MAIN cat=[android.intent.category.LAUNCHER] cmp=com.example.dogglers/.HorizontalListActivity }, activity.getIntent()=Intent { act=android.intent.action.MAIN cat=[android.intent.category.LAUNCHER] flg=0x10000000 cmp=com.example.dogglers/androidx.test.core.app.InstrumentationActivityInvoker$EmptyActivity }, activity=androidx.test.core.app.InstrumentationActivityInvoker$EmptyActivity@29a6286
12-08 14:53:20.492  1586  4164 D CompatibilityChangeReporter: Compat change id reported: 160794467; UID 10098; state: DISABLED
12-08 14:53:20.502  1141  1466 D SmsNumberUtils: enter filterDestAddr. destAddr="[BajqU4K5_YhSYbs-7QUn0dOwcmI]"
12-08 14:53:20.513  2000  3990 V MediaProvider: onConfigure() for internal.db
12-08 14:53:20.518  1400  1505 I Icing   : Indexing done com.google.android.gms-apps
12-08 14:53:20.523  2000  3990 V MediaProvider: onCreate() for internal.db
12-08 14:53:20.530  1612  4181 W putmethod.lati: Accessing hidden method Lcom/android/org/conscrypt/ConscryptEngineSocket;->setUseSessionTickets(Z)V (max-target-q,core-platform-api, reflection, denied)
12-08 14:53:20.530  1612  4181 W putmethod.lati: Accessing hidden method Lcom/android/org/conscrypt/OpenSSLSocketImpl;->setUseSessionTickets(Z)V (max-target-q,core-platform-api, reflection, denied)
12-08 14:53:20.531  1612  4181 W putmethod.lati: Accessing hidden method Lcom/android/org/conscrypt/AbstractConscryptSocket;->setUseSessionTickets(Z)V (max-target-q, reflection, denied)
12-08 14:53:20.531   365   383 D goldfish-address-space: claimShared: Ask to claim region [0x3f1e67000 0x3f2c77000]
12-08 14:53:20.531  1612  4181 W putmethod.lati: Accessing hidden method Lcom/android/org/conscrypt/ConscryptEngineSocket;->setHostname(Ljava/lang/String;)V (max-target-q,core-platform-api, reflection, denied)
12-08 14:53:20.531  1612  4181 W putmethod.lati: Accessing hidden method Lcom/android/org/conscrypt/OpenSSLSocketImpl;->setHostname(Ljava/lang/String;)V (max-target-q,core-platform-api, reflection, denied)
12-08 14:53:20.531  1612  4181 W putmethod.lati: Accessing hidden method Lcom/android/org/conscrypt/AbstractConscryptSocket;->setHostname(Ljava/lang/String;)V (max-target-q, reflection, denied)
12-08 14:53:20.531  1612  4181 W putmethod.lati: Accessing hidden method Lcom/android/org/conscrypt/OpenSSLSocketImpl;->setAlpnProtocols([B)V (max-target-q,core-platform-api, reflection, denied)
12-08 14:53:20.531  1612  4181 W putmethod.lati: Accessing hidden method Lcom/android/org/conscrypt/AbstractConscryptSocket;->setAlpnProtocols([B)V (max-target-q, reflection, denied)
12-08 14:53:20.539  1141  1466 D SmsNumberUtils: destAddr is not formatted.
12-08 14:53:20.539  1141  1466 D SmsNumberUtils: leave filterDestAddr, new destAddr="[BajqU4K5_YhSYbs-7QUn0dOwcmI]"
12-08 14:53:20.542  1400  4180 W Conscrypt: Could not set socket write timeout: java.net.SocketException: Socket closed
12-08 14:53:20.543  1400  4180 W Conscrypt: 	at com.google.android.gms.org.conscrypt.Platform.setSocketWriteTimeout(:com.google.android.gms@214218056@21.42.18 (190800-410302452):2)
12-08 14:53:20.543  1400  4180 W Conscrypt: 	at com.google.android.gms.org.conscrypt.ConscryptFileDescriptorSocket.setSoWriteTimeout(:com.google.android.gms@214218056@21.42.18 (190800-410302452):0)
12-08 14:53:20.548   365   383 D goldfish-address-space: claimShared: Ask to claim region [0x3f2c98000 0x3f3aa8000]
12-08 14:53:20.550   365   365 D goldfish-address-space: claimShared: Ask to claim region [0x3f0000000 0x3f0e10000]
12-08 14:53:20.565  1278  3844 E GCM     : Missing checkin config file
12-08 14:53:20.566  1278  3844 W GCM     : GCM FAILED TO INITIALIZE - missing checkin
12-08 14:53:20.568  2523  2523 I BgTaskExecutorImpl: Starting EXCLUSIVE background task FETCH_OPT_IN_STATUSES.
12-08 14:53:20.575  2000  3990 W MediaProvider: No column annotation provided; not creating views
12-08 14:53:20.578  2000  3990 W MediaProvider: No column annotation provided; not creating views
12-08 14:53:20.593   566   612 I ActivityTaskManager: Displayed com.example.dogglers/androidx.test.core.app.InstrumentationActivityInvoker$EmptyActivity: +269ms
12-08 14:53:20.597  1400  1507 W GCM-GMS : Failed to get direct boot token: java.io.IOException: AUTHENTICATION_FAILED
12-08 14:53:20.619  2000  3990 V MediaProvider: onOpen() for internal.db
12-08 14:53:20.619  2000  3990 V MediaProvider: onOpen() finished for internal.db
12-08 14:53:20.621  1278  1499 E GCM     : Missing checkin config file
12-08 14:53:20.621  1278  1499 W GCM     : GCM FAILED TO INITIALIZE - missing checkin
12-08 14:53:20.629  3789  3789 V ClearcutMetricXmitter: Transmission is done.
12-08 14:53:20.635  3789  3789 V ClearcutMetricXmitter: Transmission is done.
12-08 14:53:20.639  3580  3580 D LifecycleMonitor: Lifecycle status change: androidx.test.core.app.InstrumentationActivityInvoker$EmptyActivity@a6fb4f3 in: STOPPED
12-08 14:53:20.639  3580  3580 V ActivityScenario: Activity lifecycle changed event received but ignored because the intent does not match. startActivityIntent=Intent { act=android.intent.action.MAIN cat=[android.intent.category.LAUNCHER] cmp=com.example.dogglers/.HorizontalListActivity }, activity.getIntent()=Intent { act=android.intent.action.MAIN cat=[android.intent.category.LAUNCHER] flg=0x10000000 cmp=com.example.dogglers/androidx.test.core.app.InstrumentationActivityInvoker$EmptyActivity }, activity=androidx.test.core.app.InstrumentationActivityInvoker$EmptyActivity@a6fb4f3
12-08 14:53:20.644  3789  3789 V ClearcutMetricXmitter: Transmission is done.
12-08 14:53:20.650  1612  4181 W putmethod.lati: Accessing hidden method Lcom/android/org/conscrypt/OpenSSLSocketImpl;->getAlpnSelectedProtocol()[B (max-target-q,core-platform-api, reflection, denied)
12-08 14:53:20.650  1612  4181 W putmethod.lati: Accessing hidden method Lcom/android/org/conscrypt/AbstractConscryptSocket;->getAlpnSelectedProtocol()[B (max-target-q, reflection, denied)
12-08 14:53:20.650  1400  1505 I Icing   : Indexing com.google.android.gms-apps from com.google.android.gms
12-08 14:53:20.656  1612  1612 I GoogleInputMethodService: GoogleInputMethodService.onFinishInput():3420
12-08 14:53:20.657  1612  1612 I GoogleInputMethodService: GoogleInputMethodService.onStartInput():2002
12-08 14:53:20.658  1612  1612 I DeviceUnlockedTag: DeviceUnlockedTag.notifyDeviceLockStatusChanged():31 Notify device unlocked.
12-08 14:53:20.663  4034  4106 E FirebaseInstanceId: Topic sync or token retrieval failed on hard failure exceptions: AUTHENTICATION_FAILED. Won't retry the operation.
12-08 14:53:20.672  3789  3833 I BugleBackup: Registering preference change listener for "buglesub_1".
12-08 14:53:20.681  1278  1500 I NetworkScheduler.Stats: Task com.google.android.gms/com.google.android.gms.gcm.gmsproc.GcmInGmsTaskService finished executing. cause:1 result: 3 elapsed_millis: 2712 uptime_millis: 2712 exec_start_elapsed_seconds: 96 [CONTEXT service_id=218 ]
12-08 14:53:20.700  1278  3378 I Fitness : OnPackageChangedOperation got intent: Intent { act=android.intent.action.PACKAGE_CHANGED dat=package:com.google.android.googlequicksearchbox flg=0x45000010 pkg=com.google.android.gms cmp=com.google.android.gms/.chimera.PersistentIntentOperationService (has extras) } [CONTEXT service_id=17 ]
12-08 14:53:20.700   365   365 D goldfish-address-space: claimShared: Ask to claim region [0x3ee520000 0x3eee20000]
12-08 14:53:20.703  1806  4159 D MediaProvider: Finished migration from legacy provider
12-08 14:53:20.715  1400  1505 I Icing   : Indexing done com.google.android.gms-apps
12-08 14:53:20.717  1400  1505 I Icing   : Indexing com.google.android.gms-internal.3p:MobileApplication from com.google.android.gms
12-08 14:53:20.747  1612  2203 I SP      : <==== Finishing job {W:b:u:l, bg}, 988 ms. elapsed since start
12-08 14:53:20.747  1612  2203 I SP      : Download stopped: manifests:content_cache-2020101916, succeeded, size: 346
12-08 14:53:20.762  1278  2302 I ajkt    : Scheduling Phenotype for a PhenotypeSyncImmediately(6, org.chromium.net.cronet) one off with window [1, 2] in seconds [CONTEXT service_id=51 ]
12-08 14:53:20.763  1278  2318 E ajji    : Phenotype API error. Event # brzw@3905946c, EventCode: 5 [CONTEXT service_id=51 ]
12-08 14:53:20.763  1278  2318 E ajji    : ajit: 29500: Empty (package not registered?) or malformed snapshot token:
12-08 14:53:20.763  1278  2318 E ajji    : 	at ajjk.b(:com.google.android.gms@214218056@21.42.18 (190800-410302452):9)
12-08 14:53:20.763  1278  2318 E ajji    : 	at ajjj.e(:com.google.android.gms@214218056@21.42.18 (190800-410302452):0)
12-08 14:53:20.763  1278  2318 E ajji    : 	at ajji.d(:com.google.android.gms@214218056@21.42.18 (190800-410302452):4)
12-08 14:53:20.763  1278  2318 E ajji    : 	at ajji.f(:com.google.android.gms@214218056@21.42.18 (190800-410302452):2)
12-08 14:53:20.763  1278  2318 E ajji    : 	at whc.run(:com.google.android.gms@214218056@21.42.18 (190800-410302452):11)
12-08 14:53:20.763  1278  2318 E ajji    : 	at bepz.run(:com.google.android.gms@214218056@21.42.18 (190800-410302452):2)
12-08 14:53:20.763  1278  2318 E ajji    : 	at pzh.c(:com.google.android.gms@214218056@21.42.18 (190800-410302452):6)
12-08 14:53:20.763  1278  2318 E ajji    : 	at pzh.run(:com.google.android.gms@214218056@21.42.18 (190800-410302452):8)
12-08 14:53:20.763  1278  2318 E ajji    : 	at java.util.concurrent.ThreadPoolExecutor.runWorker(ThreadPoolExecutor.java:1167)
12-08 14:53:20.763  1278  2318 E ajji    : 	at java.util.concurrent.ThreadPoolExecutor$Worker.run(ThreadPoolExecutor.java:641)
12-08 14:53:20.763  1278  2318 E ajji    : 	at qdn.run(:com.google.android.gms@214218056@21.42.18 (190800-410302452):0)
12-08 14:53:20.763  1278  2318 E ajji    : 	at java.lang.Thread.run(Thread.java:920)
12-08 14:53:20.774  1278  2318 W AsyncOperation: operation=CommitToConfigurationOperationCall, opStatusCode=29500 [CONTEXT service_id=51 ]
12-08 14:53:20.774  1278  2318 W AsyncOperation: OperationException[Status{statusCode=Empty (package not registered?) or malformed snapshot token: , resolution=null}]
12-08 14:53:20.774  1278  2318 W AsyncOperation: 	at ajji.d(:com.google.android.gms@214218056@21.42.18 (190800-410302452):6)
12-08 14:53:20.774  1278  2318 W AsyncOperation: 	at ajji.f(:com.google.android.gms@214218056@21.42.18 (190800-410302452):2)
12-08 14:53:20.774  1278  2318 W AsyncOperation: 	at whc.run(:com.google.android.gms@214218056@21.42.18 (190800-410302452):11)
12-08 14:53:20.774  1278  2318 W AsyncOperation: 	at bepz.run(:com.google.android.gms@214218056@21.42.18 (190800-410302452):2)
12-08 14:53:20.774  1278  2318 W AsyncOperation: 	at pzh.c(:com.google.android.gms@214218056@21.42.18 (190800-410302452):6)
12-08 14:53:20.774  1278  2318 W AsyncOperation: 	at pzh.run(:com.google.android.gms@214218056@21.42.18 (190800-410302452):8)
12-08 14:53:20.774  1278  2318 W AsyncOperation: 	at java.util.concurrent.ThreadPoolExecutor.runWorker(ThreadPoolExecutor.java:1167)
12-08 14:53:20.774  1278  2318 W AsyncOperation: 	at java.util.concurrent.ThreadPoolExecutor$Worker.run(ThreadPoolExecutor.java:641)
12-08 14:53:20.774  1278  2318 W AsyncOperation: 	at qdn.run(:com.google.android.gms@214218056@21.42.18 (190800-410302452):0)
12-08 14:53:20.774  1278  2318 W AsyncOperation: 	at java.lang.Thread.run(Thread.java:920)
12-08 14:53:20.779  1278  2318 E ajji    : Phenotype API error. Event # brzw@c73ff68c, EventCode: 5 [CONTEXT service_id=51 ]
12-08 14:53:20.779  1278  2318 E ajji    : ajit: 29500: Empty (package not registered?) or malformed snapshot token:
12-08 14:53:20.779  1278  2318 E ajji    : 	at ajjk.b(:com.google.android.gms@214218056@21.42.18 (190800-410302452):9)
12-08 14:53:20.779  1278  2318 E ajji    : 	at ajjj.e(:com.google.android.gms@214218056@21.42.18 (190800-410302452):0)
12-08 14:53:20.779  1278  2318 E ajji    : 	at ajji.d(:com.google.android.gms@214218056@21.42.18 (190800-410302452):4)
12-08 14:53:20.779  1278  2318 E ajji    : 	at ajji.f(:com.google.android.gms@214218056@21.42.18 (190800-410302452):2)
12-08 14:53:20.779  1278  2318 E ajji    : 	at whc.run(:com.google.android.gms@214218056@21.42.18 (190800-410302452):11)
12-08 14:53:20.779  1278  2318 E ajji    : 	at bepz.run(:com.google.android.gms@214218056@21.42.18 (190800-410302452):2)
12-08 14:53:20.779  1278  2318 E ajji    : 	at pzh.c(:com.google.android.gms@214218056@21.42.18 (190800-410302452):6)
12-08 14:53:20.779  1278  2318 E ajji    : 	at pzh.run(:com.google.android.gms@214218056@21.42.18 (190800-410302452):8)
12-08 14:53:20.779  1278  2318 E ajji    : 	at java.util.concurrent.ThreadPoolExecutor.runWorker(ThreadPoolExecutor.java:1167)
12-08 14:53:20.779  1278  2318 E ajji    : 	at java.util.concurrent.ThreadPoolExecutor$Worker.run(ThreadPoolExecutor.java:641)
12-08 14:53:20.779  1278  2318 E ajji    : 	at qdn.run(:com.google.android.gms@214218056@21.42.18 (190800-410302452):0)
12-08 14:53:20.779  1278  2318 E ajji    : 	at java.lang.Thread.run(Thread.java:920)
12-08 14:53:20.780  1278  2318 W AsyncOperation: operation=CommitToConfigurationOperationCall, opStatusCode=29500 [CONTEXT service_id=51 ]
12-08 14:53:20.780  1278  2318 W AsyncOperation: OperationException[Status{statusCode=Empty (package not registered?) or malformed snapshot token: , resolution=null}]
12-08 14:53:20.780  1278  2318 W AsyncOperation: 	at ajji.d(:com.google.android.gms@214218056@21.42.18 (190800-410302452):6)
12-08 14:53:20.780  1278  2318 W AsyncOperation: 	at ajji.f(:com.google.android.gms@214218056@21.42.18 (190800-410302452):2)
12-08 14:53:20.780  1278  2318 W AsyncOperation: 	at whc.run(:com.google.android.gms@214218056@21.42.18 (190800-410302452):11)
12-08 14:53:20.780  1278  2318 W AsyncOperation: 	at bepz.run(:com.google.android.gms@214218056@21.42.18 (190800-410302452):2)
12-08 14:53:20.780  1278  2318 W AsyncOperation: 	at pzh.c(:com.google.android.gms@214218056@21.42.18 (190800-410302452):6)
12-08 14:53:20.780  1278  2318 W AsyncOperation: 	at pzh.run(:com.google.android.gms@214218056@21.42.18 (190800-410302452):8)
12-08 14:53:20.780  1278  2318 W AsyncOperation: 	at java.util.concurrent.ThreadPoolExecutor.runWorker(ThreadPoolExecutor.java:1167)
12-08 14:53:20.780  1278  2318 W AsyncOperation: 	at java.util.concurrent.ThreadPoolExecutor$Worker.run(ThreadPoolExecutor.java:641)
12-08 14:53:20.780  1278  2318 W AsyncOperation: 	at qdn.run(:com.google.android.gms@214218056@21.42.18 (190800-410302452):0)
12-08 14:53:20.780  1278  2318 W AsyncOperation: 	at java.lang.Thread.run(Thread.java:920)
12-08 14:53:20.786  2700  3239 E MendelPackageState: Failed to commit to config
12-08 14:53:20.786  2700  3239 E MendelPackageState: aaoq: 29500: 29500: Empty (package not registered?) or malformed snapshot token:
12-08 14:53:20.786  2700  3239 E MendelPackageState: 	at yzu.a(PG:51)
12-08 14:53:20.786  2700  3239 E MendelPackageState: 	at awob.c(PG:2)
12-08 14:53:20.786  2700  3239 E MendelPackageState: 	at awod.run(PG:10)
12-08 14:53:20.786  2700  3239 E MendelPackageState: 	at awqc.execute(Unknown Source:0)
12-08 14:53:20.786  2700  3239 E MendelPackageState: 	at awor.m(PG:1)
12-08 14:53:20.786  2700  3239 E MendelPackageState: 	at awor.i(PG:8)
12-08 14:53:20.786  2700  3239 E MendelPackageState: 	at awor.setException(Unknown Source:17)
12-08 14:53:20.786  2700  3239 E MendelPackageState: 	at com.google.common.util.concurrent.SettableFuture.setException(Unknown Source:0)
12-08 14:53:20.786  2700  3239 E MendelPackageState: 	at wgz.a(PG:4)
12-08 14:53:20.786  2700  3239 E MendelPackageState: 	at pfi.run(PG:1)
12-08 14:53:20.786  2700  3239 E MendelPackageState: 	at awqc.execute(Unknown Source:0)
12-08 14:53:20.786  2700  3239 E MendelPackageState: 	at pfj.a(PG:2)
12-08 14:53:20.786  2700  3239 E MendelPackageState: 	at pfx.b(PG:5)
12-08 14:53:20.786  2700  3239 E MendelPackageState: 	at pga.p(PG:4)
12-08 14:53:20.786  2700  3239 E MendelPackageState: 	at pfy.a(Unknown Source:2)
12-08 14:53:20.786  2700  3239 E MendelPackageState: 	at orq.F(PG:2)
12-08 14:53:20.786  2700  3239 E MendelPackageState: 	at orq.E(Unknown Source:1)
12-08 14:53:20.786  2700  3239 E MendelPackageState: 	at pbs.b(Unknown Source:2)
12-08 14:53:20.786  2700  3239 E MendelPackageState: 	at pbx.fZ(PG:12)
12-08 14:53:20.786  2700  3239 E MendelPackageState: 	at gui.onTransact(PG:4)
12-08 14:53:20.786  2700  3239 E MendelPackageState: 	at android.os.Binder.execTransactInternal(Binder.java:1184)
12-08 14:53:20.786  2700  3239 E MendelPackageState: 	at android.os.Binder.execTransact(Binder.java:1143)
12-08 14:53:20.786  2700  3239 E MendelPackageState: Caused by: okp: 29500: Empty (package not registered?) or malformed snapshot token:
12-08 14:53:20.786  2700  3239 E MendelPackageState: 	... 7 more
12-08 14:53:20.788  2523  2551 E A       : Failed to register for com.google.android.apps.search.transcription.uidevice#com.google.android.googlequicksearchbox
12-08 14:53:20.788  2523  2551 E A       : com.google.android.libraries.phenotype.client.a.e: 29500: 29500: Empty (package not registered?) or malformed snapshot token:
12-08 14:53:20.788  2523  2551 E A       : 	at com.google.android.libraries.phenotype.client.a.g.apply(SourceFile:1)
12-08 14:53:20.788  2523  2551 E A       : 	at com.google.common.w.a.a.d(SourceFile:2)
12-08 14:53:20.788  2523  2551 E A       : 	at com.google.common.w.a.c.run(SourceFile:11)
12-08 14:53:20.788  2523  2551 E A       : 	at com.google.common.w.a.az.execute(SourceFile:1)
12-08 14:53:20.788  2523  2551 E A       : 	at com.google.common.w.a.d.i(SourceFile:1)
12-08 14:53:20.788  2523  2551 E A       : 	at com.google.common.w.a.d.m(SourceFile:12)
12-08 14:53:20.788  2523  2551 E A       : 	at com.google.common.w.a.d.p(SourceFile:3)
12-08 14:53:20.788  2523  2551 E A       : 	at com.google.android.libraries.s.b.a(SourceFile:5)
12-08 14:53:20.788  2523  2551 E A       : 	at com.google.android.gms.k.n.run(SourceFile:1)
12-08 14:53:20.788  2523  2551 E A       : 	at com.google.common.w.a.az.execute(SourceFile:1)
12-08 14:53:20.788  2523  2551 E A       : 	at com.google.android.gms.k.o.a(SourceFile:3)
12-08 14:53:20.788  2523  2551 E A       : 	at com.google.android.gms.k.ad.b(SourceFile:5)
12-08 14:53:20.788  2523  2551 E A       : 	at com.google.android.gms.k.aj.u(SourceFile:4)
12-08 14:53:20.788  2523  2551 E A       : 	at com.google.android.gms.common.api.internal.dg.b(SourceFile:4)
12-08 14:53:20.788  2523  2551 E A       : 	at com.google.android.gms.phenotype.r.a(SourceFile:1)
12-08 14:53:20.788  2523  2551 E A       : 	at com.google.android.gms.phenotype.a.a.dispatchTransaction(SourceFile:31)
12-08 14:53:20.788  2523  2551 E A       : 	at com.google.android.a.b.onTransact(SourceFile:2)
12-08 14:53:20.788  2523  2551 E A       : 	at android.os.Binder.execTransactInternal(Binder.java:1184)
12-08 14:53:20.788  2523  2551 E A       : 	at android.os.Binder.execTransact(Binder.java:1143)
12-08 14:53:20.788  2523  2551 E A       : Caused by: com.google.android.gms.common.api.n: 29500: Empty (package not registered?) or malformed snapshot token:
12-08 14:53:20.788  2523  2551 E A       : 	at com.google.android.gms.common.api.internal.dg.b(SourceFile:3)
12-08 14:53:20.788  2523  2551 E A       : 	... 5 more
12-08 14:53:20.836  1806  4159 V MediaProvider: onOpen() finished for internal.db
12-08 14:53:20.843  1278  2318 E ajji    : Phenotype API error. Event # brzw@e9faf540, EventCode: 32 [CONTEXT service_id=51 ]
12-08 14:53:20.843  1278  2318 E ajji    : ajit: 29503
12-08 14:53:20.843  1278  2318 E ajji    : 	at ajkk.e(:com.google.android.gms@214218056@21.42.18 (190800-410302452):19)
12-08 14:53:20.843  1278  2318 E ajji    : 	at ajji.d(:com.google.android.gms@214218056@21.42.18 (190800-410302452):4)
12-08 14:53:20.843  1278  2318 E ajji    : 	at ajji.f(:com.google.android.gms@214218056@21.42.18 (190800-410302452):2)
12-08 14:53:20.843  1278  2318 E ajji    : 	at whc.run(:com.google.android.gms@214218056@21.42.18 (190800-410302452):11)
12-08 14:53:20.843  1278  2318 E ajji    : 	at bepz.run(:com.google.android.gms@214218056@21.42.18 (190800-410302452):2)
12-08 14:53:20.843  1278  2318 E ajji    : 	at pzh.c(:com.google.android.gms@214218056@21.42.18 (190800-410302452):6)
12-08 14:53:20.843  1278  2318 E ajji    : 	at pzh.run(:com.google.android.gms@214218056@21.42.18 (190800-410302452):8)
12-08 14:53:20.843  1278  2318 E ajji    : 	at java.util.concurrent.ThreadPoolExecutor.runWorker(ThreadPoolExecutor.java:1167)
12-08 14:53:20.843  1278  2318 E ajji    : 	at java.util.concurrent.ThreadPoolExecutor$Worker.run(ThreadPoolExecutor.java:641)
12-08 14:53:20.843  1278  2318 E ajji    : 	at qdn.run(:com.google.android.gms@214218056@21.42.18 (190800-410302452):0)
12-08 14:53:20.843  1278  2318 E ajji    : 	at java.lang.Thread.run(Thread.java:920)
12-08 14:53:20.846  1278  2318 W AsyncOperation: operation=SetAppSpecificPropertiesOperationCall, opStatusCode=29503 [CONTEXT service_id=51 ]
12-08 14:53:20.846  1278  2318 W AsyncOperation: OperationException[Status{statusCode=unknown status code: 29503, resolution=null}]
12-08 14:53:20.846  1278  2318 W AsyncOperation: 	at ajji.d(:com.google.android.gms@214218056@21.42.18 (190800-410302452):6)
12-08 14:53:20.846  1278  2318 W AsyncOperation: 	at ajji.f(:com.google.android.gms@214218056@21.42.18 (190800-410302452):2)
12-08 14:53:20.846  1278  2318 W AsyncOperation: 	at whc.run(:com.google.android.gms@214218056@21.42.18 (190800-410302452):11)
12-08 14:53:20.846  1278  2318 W AsyncOperation: 	at bepz.run(:com.google.android.gms@214218056@21.42.18 (190800-410302452):2)
12-08 14:53:20.846  1278  2318 W AsyncOperation: 	at pzh.c(:com.google.android.gms@214218056@21.42.18 (190800-410302452):6)
12-08 14:53:20.846  1278  2318 W AsyncOperation: 	at pzh.run(:com.google.android.gms@214218056@21.42.18 (190800-410302452):8)
12-08 14:53:20.846  1278  2318 W AsyncOperation: 	at java.util.concurrent.ThreadPoolExecutor.runWorker(ThreadPoolExecutor.java:1167)
12-08 14:53:20.846  1278  2318 W AsyncOperation: 	at java.util.concurrent.ThreadPoolExecutor$Worker.run(ThreadPoolExecutor.java:641)
12-08 14:53:20.846  1278  2318 W AsyncOperation: 	at qdn.run(:com.google.android.gms@214218056@21.42.18 (190800-410302452):0)
12-08 14:53:20.846  1278  2318 W AsyncOperation: 	at java.lang.Thread.run(Thread.java:920)
12-08 14:53:20.853  2700  3147 E yba     : Failed to setAppSpecificProperties.
12-08 14:53:20.853  2700  3147 E yba     : okp: 29503:
12-08 14:53:20.853  2700  3147 E yba     : 	at orq.F(PG:2)
12-08 14:53:20.853  2700  3147 E yba     : 	at orq.E(Unknown Source:1)
12-08 14:53:20.853  2700  3147 E yba     : 	at pbs.l(Unknown Source:2)
12-08 14:53:20.853  2700  3147 E yba     : 	at pbx.fZ(PG:3)
12-08 14:53:20.853  2700  3147 E yba     : 	at gui.onTransact(PG:4)
12-08 14:53:20.853  2700  3147 E yba     : 	at android.os.Binder.execTransactInternal(Binder.java:1184)
12-08 14:53:20.853  2700  3147 E yba     : 	at android.os.Binder.execTransact(Binder.java:1143)
12-08 14:53:20.862  1526  1562 I WM-WorkerWrapper: Worker result SUCCESS for Work [ id=f0bd9419-abf0-464c-a6b7-5d683705fa0b, tags={ com.google.apps.tiktok.contrib.work.TikTokListenableWorker, TikTokWorker#com.google.android.apps.wellbeing.fences.FenceRecovery } ]
12-08 14:53:20.900  1400  1505 I Icing   : Indexing done com.google.android.gms-internal.3p:MobileApplication
12-08 14:53:20.903  1806  4159 W ModernMediaScanner: Failed to visit /system/media: java.nio.file.NoSuchFileException: /system/media
12-08 14:53:20.908  1400  1505 I Icing   : Indexing com.google.android.gms-apps from com.google.android.gms
12-08 14:53:20.938  1400  1505 I Icing   : Indexing done com.google.android.gms-apps
12-08 14:53:20.938  1806  4159 I MediaProvider: Scanned internal due to REASON_MOUNTED, found 0 items in 50ms, 0 inserts 0 updates 0 deletes
12-08 14:53:20.939  1806  4159 W ModernMediaScanner: Failed to visit /oem/media: java.nio.file.NoSuchFileException: /oem/media
12-08 14:53:20.940  1806  4159 I MediaProvider: Scanned internal due to REASON_MOUNTED, found 0 items in 1ms, 0 inserts 0 updates 0 deletes
12-08 14:53:20.953  1400  1505 I Icing   : Indexing com.google.android.gms-apps from com.google.android.gms
12-08 14:53:20.959  3580  3580 D LifecycleMonitor: Lifecycle status change: androidx.test.core.app.InstrumentationActivityInvoker$EmptyActivity@a6fb4f3 in: DESTROYED
12-08 14:53:20.963  3580  3580 V ActivityScenario: Activity lifecycle changed event received but ignored because the intent does not match. startActivityIntent=Intent { act=android.intent.action.MAIN cat=[android.intent.category.LAUNCHER] cmp=com.example.dogglers/.HorizontalListActivity }, activity.getIntent()=Intent { act=android.intent.action.MAIN cat=[android.intent.category.LAUNCHER] flg=0x10000000 cmp=com.example.dogglers/androidx.test.core.app.InstrumentationActivityInvoker$EmptyActivity }, activity=androidx.test.core.app.InstrumentationActivityInvoker$EmptyActivity@a6fb4f3
12-08 14:53:20.970   566   707 I InputReader: Reconfiguring input devices, changes=KEYBOARD_LAYOUTS |
12-08 14:53:20.970   566   622 E system_server: No package ID 7f found for ID 0x7f0802ab.
12-08 14:53:20.970   566   622 E system_server: No package ID 7f found for ID 0x7f13050b.
12-08 14:53:20.970   566   622 E system_server: No package ID 7f found for ID 0x7f13050b.
12-08 14:53:20.971   566   622 E system_server: No package ID 7f found for ID 0x7f0802a7.
12-08 14:53:20.971   566   622 E system_server: No package ID 7f found for ID 0x7f130509.
12-08 14:53:20.971   566   622 E system_server: No package ID 7f found for ID 0x7f130509.
12-08 14:53:20.971   566   622 E system_server: No package ID 7f found for ID 0x7f0802a9.
12-08 14:53:20.971   566   622 E system_server: No package ID 7f found for ID 0x7f13050a.
12-08 14:53:20.971   566   622 E system_server: No package ID 7f found for ID 0x7f13050a.
12-08 14:53:20.973  1400  1505 I Icing   : Indexing done com.google.android.gms-apps
12-08 14:53:20.979   873   873 V MediaPlayerList: mPackageChangedBroadcastReceiver: action: android.intent.action.PACKAGE_CHANGED
12-08 14:53:20.979   873   873 D MediaPlayerList: Name of package changed: com.google.android.apps.docs
12-08 14:53:20.981   566  3658 W InputManager-JNI: Input channel object '8941da7 com.example.dogglers/androidx.test.core.app.InstrumentationActivityInvoker$EmptyActivity (client)' was disposed without first being removed with the input manager!
12-08 14:53:21.021  3580  3580 D LifecycleMonitor: Lifecycle status change: androidx.test.core.app.InstrumentationActivityInvoker$EmptyActivity@29a6286 in: PAUSED
12-08 14:53:21.021  3580  3580 V ActivityScenario: Activity lifecycle changed event received but ignored because the intent does not match. startActivityIntent=Intent { act=android.intent.action.MAIN cat=[android.intent.category.LAUNCHER] cmp=com.example.dogglers/.HorizontalListActivity }, activity.getIntent()=Intent { act=android.intent.action.MAIN cat=[android.intent.category.LAUNCHER] flg=0x10000000 cmp=com.example.dogglers/androidx.test.core.app.InstrumentationActivityInvoker$EmptyActivity }, activity=androidx.test.core.app.InstrumentationActivityInvoker$EmptyActivity@29a6286
12-08 14:53:21.024   566   707 I InputReader: Reconfiguring input devices, changes=KEYBOARD_LAYOUTS |
12-08 14:53:21.048   873   873 V MediaPlayerList: mPackageChangedBroadcastReceiver: action: android.intent.action.PACKAGE_CHANGED
12-08 14:53:21.048   873   873 D MediaPlayerList: Name of package changed: com.android.traceur
12-08 14:53:21.063  3580  3720 I TestRunner: finished: horizontal_scroll_content_at_first_position(com.example.dogglers.HorizontalListTests)
