12-08 14:53:15.863  3580  3720 I TestRunner: started: horizontal_scroll_content_at_last_position(com.example.dogglers.HorizontalListTests)
12-08 14:53:15.878  3580  3720 W Settings: Setting always_finish_activities has moved from android.provider.Settings.System to android.provider.Settings.Global, returning read-only value.
12-08 14:53:15.887  3789  3827 I BugleDatabasePerf: : took 68ms to executeInTransaction
12-08 14:53:15.904  1400  1505 I Icing   : updateResources: need to parse yho{com.google.android.gms}
12-08 14:53:15.906  1314  1484 W UnsafeUtil: platform method missing - proto runtime falling back to safer methods: java.lang.NoSuchMethodException: sun.misc.Unsafe.copyMemory [class java.lang.Object, long, class java.lang.Object, long, long]
12-08 14:53:15.907  2743  2743 I GsaVoiceInteractionSrv: Handling ACTION_STOP_HOTWORD
12-08 14:53:15.928  1278  3835 W ChimeraUtils: Module com.google.android.gms.nearby_en has empty metadata display_name_string_id
12-08 14:53:15.940   566  2893 D ConnectivityService: ConnectivityService NetworkRequestInfo binderDied(uid/pid:10109/2044, android.os.BinderProxy@18c0a0f)
12-08 14:53:15.942   566  2893 D ConnectivityService: ConnectivityService NetworkRequestInfo binderDied(uid/pid:10109/2044, android.os.BinderProxy@a4b0a9c)
12-08 14:53:15.942   566  2893 D ConnectivityService: ConnectivityService NetworkRequestInfo binderDied(uid/pid:10109/2044, android.os.BinderProxy@fd73ca5)
12-08 14:53:15.942   566  2418 D ConnectivityService: ConnectivityService NetworkRequestInfo binderDied(uid/pid:10109/2044, android.os.BinderProxy@fbd487a)
12-08 14:53:15.947   566   629 I libprocessgroup: Successfully killed process cgroup uid 10109 pid 2044 in 48ms
12-08 14:53:15.950   873   873 V MediaPlayerList: onActiveSessionsChanged: number of controllers: 0
12-08 14:53:15.950   566   823 D ConnectivityService: releasing NetworkRequest [ REQUEST id=38, [ Capabilities: INTERNET&NOT_RESTRICTED&TRUSTED&NOT_VCN_MANAGED Uid: 10109 RequestorUid: 10109 RequestorPkg: com.google.android.apps.youtube.music] ] (release request)
12-08 14:53:15.957   349   349 I Zygote  : Process 2044 exited due to signal 9 (Killed)
12-08 14:53:15.962   566   823 D ConnectivityService: releasing NetworkRequest [ REQUEST id=45, [ Capabilities: INTERNET&NOT_RESTRICTED&TRUSTED&NOT_VCN_MANAGED Uid: 10109 RequestorUid: 10109 RequestorPkg: com.google.android.apps.youtube.music] ] (release request)
12-08 14:53:15.966  2523  2523 I A       : Refusing EXCLUSIVE task 22, it is already pending. Try again in 279 seconds.
12-08 14:53:15.970   880   972 D SplashScreenView: Build android.window.SplashScreenView{3342330 V.E...... ......ID 0,0-0,0}
12-08 14:53:15.970   880   972 D SplashScreenView: Icon: view: null drawable: null size: 0
12-08 14:53:15.970   880   972 D SplashScreenView: Branding: view: android.view.View{70bcba9 G.ED..... ......I. 0,0-0,0 #10204a6 android:id/splashscreen_branding_view} drawable: null size w: 0 h: 0
12-08 14:53:15.972   566   823 D ConnectivityService: releasing NetworkRequest [ REQUEST id=50, [ Capabilities: INTERNET&NOT_RESTRICTED&TRUSTED&NOT_VCN_MANAGED Uid: 10109 RequestorUid: 10109 RequestorPkg: com.google.android.apps.youtube.music] ] (release request)
12-08 14:53:16.008  2523  2664 W A       : Failed to handle FACS broadcast.
12-08 14:53:16.008  2523  2664 W A       : com.google.apps.tiktok.account.data.ai: This is not a google account
12-08 14:53:16.008  2523  2664 W A       : 	at com.google.android.apps.search.googleapp.permissions.udcdataservice.ulr.n.apply(SourceFile:2)
12-08 14:53:16.008  2523  2664 W A       : 	at com.google.apps.tiktok.tracing.di.apply(SourceFile:2)
12-08 14:53:16.008  2523  2664 W A       : 	at com.google.common.w.a.f.d(SourceFile:2)
12-08 14:53:16.008  2523  2664 W A       : 	at com.google.common.w.a.h.run(SourceFile:9)
12-08 14:53:16.008  2523  2664 W A       : 	at com.google.android.libraries.g.ab.run(SourceFile:1)
12-08 14:53:16.008  2523  2664 W A       : 	at java.util.concurrent.ThreadPoolExecutor.runWorker(ThreadPoolExecutor.java:1167)
12-08 14:53:16.008  2523  2664 W A       : 	at java.util.concurrent.ThreadPoolExecutor$Worker.run(ThreadPoolExecutor.java:641)
12-08 14:53:16.008  2523  2664 W A       : 	at com.google.android.libraries.g.n.run(SourceFile:2)
12-08 14:53:16.008  2523  2664 W A       : 	at com.google.android.libraries.g.d.run(SourceFile:2)
12-08 14:53:16.008  2523  2664 W A       : 	at java.lang.Thread.run(Thread.java:920)
12-08 14:53:16.028  3580  3580 D LifecycleMonitor: Lifecycle status change: androidx.test.core.app.InstrumentationActivityInvoker$BootstrapActivity@9988193 in: PRE_ON_CREATE
12-08 14:53:16.028   365   383 D goldfish-address-space: claimShared: Ask to claim region [0x3ec000000 0x3ece10000]
12-08 14:53:16.028  3580  3580 V ActivityScenario: Activity lifecycle changed event received but ignored because the intent does not match. startActivityIntent=Intent { act=android.intent.action.MAIN cat=[android.intent.category.LAUNCHER] cmp=com.example.dogglers/.HorizontalListActivity }, activity.getIntent()=Intent { act=android.intent.action.MAIN cat=[android.intent.category.LAUNCHER] flg=0x10008000 cmp=com.example.dogglers/androidx.test.core.app.InstrumentationActivityInvoker$BootstrapActivity (has extras) }, activity=androidx.test.core.app.InstrumentationActivityInvoker$BootstrapActivity@9988193
12-08 14:53:16.033  1278  3835 W ChimeraUtils: Module com.google.android.gms.nearby_en has empty metadata display_name_string_id
12-08 14:53:16.034  1278  3835 W ChimeraUtils: Module com.google.android.gms.nearby_en has empty metadata display_name_string_id
12-08 14:53:16.048   365   383 D goldfish-address-space: claimShared: Ask to claim region [0x3ece10000 0x3edc20000]
12-08 14:53:16.048  3580  3580 D LifecycleMonitor: Lifecycle status change: androidx.test.core.app.InstrumentationActivityInvoker$BootstrapActivity@9988193 in: CREATED
12-08 14:53:16.048  3580  3580 V ActivityScenario: Activity lifecycle changed event received but ignored because the intent does not match. startActivityIntent=Intent { act=android.intent.action.MAIN cat=[android.intent.category.LAUNCHER] cmp=com.example.dogglers/.HorizontalListActivity }, activity.getIntent()=Intent { act=android.intent.action.MAIN cat=[android.intent.category.LAUNCHER] flg=0x10008000 cmp=com.example.dogglers/androidx.test.core.app.InstrumentationActivityInvoker$BootstrapActivity (has extras) }, activity=androidx.test.core.app.InstrumentationActivityInvoker$BootstrapActivity@9988193
12-08 14:53:16.049  3580  3580 D LifecycleMonitor: Lifecycle status change: androidx.test.core.app.InstrumentationActivityInvoker$BootstrapActivity@9988193 in: STARTED
12-08 14:53:16.053   365   383 D goldfish-address-space: claimShared: Ask to claim region [0x3edc20000 0x3eea30000]
12-08 14:53:16.054  3580  3580 V ActivityScenario: Activity lifecycle changed event received but ignored because the intent does not match. startActivityIntent=Intent { act=android.intent.action.MAIN cat=[android.intent.category.LAUNCHER] cmp=com.example.dogglers/.HorizontalListActivity }, activity.getIntent()=Intent { act=android.intent.action.MAIN cat=[android.intent.category.LAUNCHER] flg=0x10008000 cmp=com.example.dogglers/androidx.test.core.app.InstrumentationActivityInvoker$BootstrapActivity (has extras) }, activity=androidx.test.core.app.InstrumentationActivityInvoker$BootstrapActivity@9988193
12-08 14:53:16.057  1400  3238 I FastPair: FastPair: provider is called with method [getCardList]
12-08 14:53:16.059  1586  1586 I Dialer  : VvmTaskReceiver - task received
12-08 14:53:16.059  1586  1586 I Dialer  : VvmTaskReceiver - scheduling new job
12-08 14:53:16.061  1586  1586 I Dialer  : TaskSchedulerJobService - scheduling job with 1 tasks
12-08 14:53:16.062  1586  1586 I Dialer  : TaskSchedulerJobService - merging job with 1 existing tasks
12-08 14:53:16.062  1586  1586 I Dialer  : Task.createTask - create task:com.android.voicemail.impl.ActivationTask
12-08 14:53:16.063  1586  1586 I Dialer  : Task.createTask - create task:com.android.voicemail.impl.ActivationTask
12-08 14:53:16.064  1586  1586 I Dialer  : TaskQueue.add - duplicated task added
12-08 14:53:16.072  1586  1586 I Dialer  : TaskSchedulerJobService - canceling existing job.
12-08 14:53:16.075  1586  1586 I Dialer  : TaskSchedulerJobService - running job instantly.
12-08 14:53:16.076  3580  3580 D LifecycleMonitor: Lifecycle status change: androidx.test.core.app.InstrumentationActivityInvoker$BootstrapActivity@9988193 in: RESUMED
12-08 14:53:16.077  3580  3580 V ActivityScenario: Activity lifecycle changed event received but ignored because the intent does not match. startActivityIntent=Intent { act=android.intent.action.MAIN cat=[android.intent.category.LAUNCHER] cmp=com.example.dogglers/.HorizontalListActivity }, activity.getIntent()=Intent { act=android.intent.action.MAIN cat=[android.intent.category.LAUNCHER] flg=0x10008000 cmp=com.example.dogglers/androidx.test.core.app.InstrumentationActivityInvoker$BootstrapActivity (has extras) }, activity=androidx.test.core.app.InstrumentationActivityInvoker$BootstrapActivity@9988193
12-08 14:53:16.087  3580  3580 D LifecycleMonitor: Lifecycle status change: androidx.test.core.app.InstrumentationActivityInvoker$BootstrapActivity@9988193 in: PAUSED
12-08 14:53:16.088  3580  3580 V ActivityScenario: Activity lifecycle changed event received but ignored because the intent does not match. startActivityIntent=Intent { act=android.intent.action.MAIN cat=[android.intent.category.LAUNCHER] cmp=com.example.dogglers/.HorizontalListActivity }, activity.getIntent()=Intent { act=android.intent.action.MAIN cat=[android.intent.category.LAUNCHER] flg=0x10008000 cmp=com.example.dogglers/androidx.test.core.app.InstrumentationActivityInvoker$BootstrapActivity (has extras) }, activity=androidx.test.core.app.InstrumentationActivityInvoker$BootstrapActivity@9988193
12-08 14:53:16.109  1586  1586 I Dialer  : TaskSchedulerJobService - job 1 scheduled
12-08 14:53:16.126  1197  3121 W FrameTracker: Missed App frame:8
12-08 14:53:16.126  1197  3121 W FrameTracker: Missed App frame:72
12-08 14:53:16.126  1197  3121 W FrameTracker: Missed App frame:80
12-08 14:53:16.126  1197  3121 W FrameTracker: Missed App frame:88
12-08 14:53:16.126  1197  3121 W FrameTracker: Missed App frame:80
12-08 14:53:16.126  1197  3121 W FrameTracker: Missed App frame:80
12-08 14:53:16.126  1197  3121 W FrameTracker: Missed App frame:80
12-08 14:53:16.126  1197  3121 W FrameTracker: Missed App frame:80
12-08 14:53:16.126  1197  3121 W FrameTracker: Missed App frame:80
12-08 14:53:16.126  1197  3121 W FrameTracker: Missed App frame:80
12-08 14:53:16.126  1197  3121 W FrameTracker: Missing SF jank callback for vsyncId: 5753
12-08 14:53:16.126  1197  3121 W FrameTracker: Missed App frame:8
12-08 14:53:16.131  1197  2487 V PerfettoTrigger: Not triggering com.android.telemetry.interaction-jank-monitor-9 - not enough time since last trigger
12-08 14:53:16.140  3580  3580 D LifecycleMonitor: Lifecycle status change: com.example.dogglers.HorizontalListActivity@ed21985 in: PRE_ON_CREATE
12-08 14:53:16.141  3580  3580 V ActivityScenario: Activity lifecycle changed event received but ignored because the reported transition was not ON_CREATE while the last known transition was PRE_ON_CREATE
12-08 14:53:16.178   880   991 D EGL_emulation: app_time_stats: avg=215.59ms min=25.12ms max=598.64ms count=5
12-08 14:53:16.184  3580  3580 D LifecycleMonitor: Lifecycle status change: com.example.dogglers.HorizontalListActivity@ed21985 in: CREATED
12-08 14:53:16.184  3580  3580 V ActivityScenario: Update currentActivityStage to CREATED, currentActivity=com.example.dogglers.HorizontalListActivity@ed21985
12-08 14:53:16.188  3580  3580 D LifecycleMonitor: Lifecycle status change: com.example.dogglers.HorizontalListActivity@ed21985 in: STARTED
12-08 14:53:16.188  3580  3580 V ActivityScenario: Update currentActivityStage to STARTED, currentActivity=com.example.dogglers.HorizontalListActivity@ed21985
12-08 14:53:16.193  3580  3580 D LifecycleMonitor: Lifecycle status change: com.example.dogglers.HorizontalListActivity@ed21985 in: RESUMED
12-08 14:53:16.195  3580  3580 V ActivityScenario: Update currentActivityStage to RESUMED, currentActivity=com.example.dogglers.HorizontalListActivity@ed21985
12-08 14:53:16.219  3580  3580 D LifecycleMonitor: Lifecycle status change: androidx.test.core.app.InstrumentationActivityInvoker$BootstrapActivity@9988193 in: STOPPED
12-08 14:53:16.220  3580  3580 V ActivityScenario: Activity lifecycle changed event received but ignored because the intent does not match. startActivityIntent=Intent { act=android.intent.action.MAIN cat=[android.intent.category.LAUNCHER] cmp=com.example.dogglers/.HorizontalListActivity }, activity.getIntent()=Intent { act=android.intent.action.MAIN cat=[android.intent.category.LAUNCHER] flg=0x10008000 cmp=com.example.dogglers/androidx.test.core.app.InstrumentationActivityInvoker$BootstrapActivity (has extras) }, activity=androidx.test.core.app.InstrumentationActivityInvoker$BootstrapActivity@9988193
12-08 14:53:16.230  3580  3597 I xample.doggler: JIT allocated 77KB for compiled code of void android.view.View.<init>(android.content.Context, android.util.AttributeSet, int, int)
12-08 14:53:16.286  1278  2161 W ChimeraUtils: Module com.google.android.gms.nearby_en has empty metadata display_name_string_id
12-08 14:53:16.287  3924  3957 W RankingPostProcessor: A card with invalid score: content://com.android.settings.slices/intent/screen_timeout
12-08 14:53:16.288  3924  3957 W RankingPostProcessor: A card with invalid score: content://com.google.android.settings.intelligence.modules.contextualcards.slices/suggestion/com.android.settings/com.android.settings.notification.zen.ZenSuggestionActivity
12-08 14:53:16.297   365   383 D goldfish-address-space: claimShared: Ask to claim region [0x3eea30000 0x3ef840000]
12-08 14:53:16.308   365   383 D goldfish-address-space: claimShared: Ask to claim region [0x3f1054000 0x3f1e64000]
12-08 14:53:16.320   365   383 D goldfish-address-space: claimShared: Ask to claim region [0x3f1e67000 0x3f2c77000]
12-08 14:53:16.349   566   612 I ActivityTaskManager: Displayed com.example.dogglers/.HorizontalListActivity: +423ms
12-08 14:53:16.390  2743  2743 I GsaVoiceInteractionSrv: Handling ACTION_START_HOTWORD
12-08 14:53:16.390  2743  2743 I GsaVoiceInteractionSrv: disregardVoiceMatch: false
12-08 14:53:16.402  1400  1505 I Icing   : Indexing done com.google.android.gms-apps
12-08 14:53:16.412  2743  2743 I GsaVoiceInteractionSrv: Handling ACTION_STOP_HOTWORD
12-08 14:53:16.412  1612  1612 I GoogleInputMethodService: GoogleInputMethodService.onFinishInput():3420
12-08 14:53:16.412  1612  1612 I GoogleInputMethodService: GoogleInputMethodService.onStartInput():2002
12-08 14:53:16.413  1612  1612 I DeviceUnlockedTag: DeviceUnlockedTag.notifyDeviceLockStatusChanged():31 Notify device unlocked.
12-08 14:53:16.414  1278  3969 E GCM     : Missing checkin config file
12-08 14:53:16.414  1278  3969 W GCM     : GCM FAILED TO INITIALIZE - missing checkin
12-08 14:53:16.414  1278  3969 E WakeLock: GCM_HB_ALARM release without a matched acquire!
12-08 14:53:16.415  1400  1505 I Icing   : Indexing com.google.android.gms-internal.3p:MobileApplication from com.google.android.gms
12-08 14:53:16.444  1278  3969 W WakeLock: GCM_HB_ALARM counter does not exist
12-08 14:53:16.453  1278  2161 W ChimeraUtils: Module com.google.android.gms.nearby_en has empty metadata display_name_string_id
12-08 14:53:16.461  1278  2161 W ChimeraUtils: Module com.google.android.gms.nearby_en has empty metadata display_name_string_id
12-08 14:53:16.476  1278  3971 E GCM     : Missing checkin config file
12-08 14:53:16.476  1278  3971 W GCM     : GCM FAILED TO INITIALIZE - missing checkin
12-08 14:53:16.476  1278  3971 E WakeLock: GCM_HB_ALARM release without a matched acquire!
12-08 14:53:16.476  1278  3971 W WakeLock: GCM_HB_ALARM counter does not exist
12-08 14:53:16.481   566   823 D ConnectivityService: reportNetworkConnectivity(100, false) by 10099
12-08 14:53:16.483  1076  2311 D NetworkMonitor/100: Forcing reevaluation for UID 10099. Dns signal count: 0
12-08 14:53:16.499  3580  3580 I ViewInteraction: Performing 'scroll RecyclerView to position: 5' action on view view.getId() is <2131230949/com.example.dogglers:id/horizontal_recycler_view>
12-08 14:53:16.532  2743  2743 I GsaVoiceInteractionSrv: Handling ACTION_START_HOTWORD
12-08 14:53:16.532  2743  2743 I GsaVoiceInteractionSrv: disregardVoiceMatch: false
12-08 14:53:16.552  2743  2743 I GsaVoiceInteractionSrv: Handling ACTION_STOP_HOTWORD
12-08 14:53:16.602   348  3977 D resolv  : ResNSendHandler::run: 0 / {100 983140 100 983140 1073 1}
12-08 14:53:16.602   348  3977 I resolv  : resolv_populate_res_for_net: netid=100
12-08 14:53:16.602   348  3977 D resolv  : res_nsend
12-08 14:53:16.602   348  3977 I resolv  : resolv_cache_lookup: lookup
12-08 14:53:16.602   348  3977 I resolv  : resolv_cache_lookup: FOUND IN CACHE entry=0x79c58fc56eb0
12-08 14:53:16.606   348  3978 D resolv  : ResNSendHandler::run: 0 / {100 983140 100 983140 1073 1}
12-08 14:53:16.606   348  3978 I resolv  : resolv_populate_res_for_net: netid=100
12-08 14:53:16.606   348  3978 D resolv  : res_nsend
12-08 14:53:16.606   348  3978 I resolv  : resolv_cache_lookup: lookup
12-08 14:53:16.606   348  3978 I resolv  : resolv_cache_lookup: FOUND IN CACHE entry=0x79c58fc57af0
12-08 14:53:16.623   348  3979 D resolv  : ResNSendHandler::run: 0 / {100 983140 100 983140 1073 1}
12-08 14:53:16.624   348  3979 I resolv  : resolv_populate_res_for_net: netid=100
12-08 14:53:16.624   348  3979 D resolv  : res_nsend
12-08 14:53:16.624   348  3979 I resolv  : resolv_cache_lookup: lookup
12-08 14:53:16.624   348  3979 I resolv  : resolv_cache_lookup: FOUND IN CACHE entry=0x79c57fc5c8d0
12-08 14:53:16.630   873   873 V MediaPlayerList: mPackageChangedBroadcastReceiver: action: android.intent.action.PACKAGE_CHANGED
12-08 14:53:16.630   873   873 D MediaPlayerList: Name of package changed: com.google.android.apps.messaging
12-08 14:53:16.631   566   622 E system_server: No package ID 7f found for ID 0x7f080207.
12-08 14:53:16.631   566   622 E system_server: No package ID 7f found for ID 0x7f140841.
12-08 14:53:16.631   566   622 E system_server: No package ID 7f found for ID 0x7f140841.
12-08 14:53:16.631   566   622 E system_server: No package ID 7f found for ID 0x7f140840.
12-08 14:53:16.638  1076  3976 D NetworkMonitor/100: PROBE_DNS connectivitycheck.gstatic.com 41ms OK 142.250.201.3,2a00:1450:4006:80e::2003
12-08 14:53:16.640   348  3981 D resolv  : ResNSendHandler::run: 0 / {100 983140 100 983140 1073 1}
12-08 14:53:16.640   348  3981 I resolv  : resolv_populate_res_for_net: netid=100
12-08 14:53:16.640   348  3981 D resolv  : res_nsend
12-08 14:53:16.640   348  3981 I resolv  : resolv_cache_lookup: lookup
12-08 14:53:16.640   348  3981 I resolv  : resolv_cache_lookup: FOUND IN CACHE entry=0x79c56fc5b0e0
12-08 14:53:16.643  2184  2184 I ContactsUpgradeReceiver: Creating or opening contacts database
12-08 14:53:16.649  3580  3580 I ViewInteraction: Checking 'MatchesViewAssertion{viewMatcher=(view has effective visibility <VISIBLE> and view.getGlobalVisibleRect() to return non-empty rectangle)}' assertion on view an instance of android.widget.TextView and view.getText() with or without transformation to match: is "Bella"
12-08 14:53:16.656   566   707 I InputReader: Reconfiguring input devices, changes=KEYBOARD_LAYOUTS |
12-08 14:53:16.656   566   702 I RoleService: Granting default roles...
12-08 14:53:16.659  2184  2184 D StrictMode: StrictMode policy violation; ~duration=38 ms: android.os.strictmode.DiskReadViolation
12-08 14:53:16.659  2184  2184 D StrictMode: 	at android.os.StrictMode$AndroidBlockGuardPolicy.onReadFromDisk(StrictMode.java:1659)
12-08 14:53:16.659  2184  2184 D StrictMode: 	at libcore.io.BlockGuardOs.access(BlockGuardOs.java:74)
12-08 14:53:16.659  2184  2184 D StrictMode: 	at libcore.io.ForwardingOs.access(ForwardingOs.java:131)
12-08 14:53:16.659  2184  2184 D StrictMode: 	at android.app.ActivityThread$AndroidOs.access(ActivityThread.java:7716)
12-08 14:53:16.659  2184  2184 D StrictMode: 	at java.io.UnixFileSystem.checkAccess(UnixFileSystem.java:281)
12-08 14:53:16.659  2184  2184 D StrictMode: 	at java.io.File.exists(File.java:813)
12-08 14:53:16.659  2184  2184 D StrictMode: 	at android.app.ContextImpl.ensurePrivateDirExists(ContextImpl.java:743)
12-08 14:53:16.659  2184  2184 D StrictMode: 	at android.app.ContextImpl.ensurePrivateDirExists(ContextImpl.java:734)
12-08 14:53:16.659  2184  2184 D StrictMode: 	at android.app.ContextImpl.getPreferencesDir(ContextImpl.java:690)
12-08 14:53:16.659  2184  2184 D StrictMode: 	at android.app.ContextImpl.getSharedPreferencesPath(ContextImpl.java:915)
12-08 14:53:16.659  2184  2184 D StrictMode: 	at android.app.ContextImpl.getSharedPreferences(ContextImpl.java:537)
12-08 14:53:16.659  2184  2184 D StrictMode: 	at android.content.ContextWrapper.getSharedPreferences(ContextWrapper.java:196)
12-08 14:53:16.659  2184  2184 D StrictMode: 	at android.content.ContextWrapper.getSharedPreferences(ContextWrapper.java:196)
12-08 14:53:16.659  2184  2184 D StrictMode: 	at com.android.providers.contacts.ContactsUpgradeReceiver.onReceive(ContactsUpgradeReceiver.java:55)
12-08 14:53:16.659  2184  2184 D StrictMode: 	at android.app.ActivityThread.handleReceiver(ActivityThread.java:4308)
12-08 14:53:16.659  2184  2184 D StrictMode: 	at android.app.ActivityThread.access$1600(ActivityThread.java:247)
12-08 14:53:16.659  2184  2184 D StrictMode: 	at android.app.ActivityThread$H.handleMessage(ActivityThread.java:2064)
12-08 14:53:16.659  2184  2184 D StrictMode: 	at android.os.Handler.dispatchMessage(Handler.java:106)
12-08 14:53:16.659  2184  2184 D StrictMode: 	at android.os.Looper.loopOnce(Looper.java:201)
12-08 14:53:16.659  2184  2184 D StrictMode: 	at android.os.Looper.loop(Looper.java:288)
12-08 14:53:16.659  2184  2184 D StrictMode: 	at android.app.ActivityThread.main(ActivityThread.java:7839)
12-08 14:53:16.659  2184  2184 D StrictMode: 	at java.lang.reflect.Method.invoke(Native Method)
12-08 14:53:16.659  2184  2184 D StrictMode: 	at com.android.internal.os.RuntimeInit$MethodAndArgsCaller.run(RuntimeInit.java:548)
12-08 14:53:16.659  2184  2184 D StrictMode: 	at com.android.internal.os.ZygoteInit.main(ZygoteInit.java:1003)
12-08 14:53:16.659  2184  2184 D StrictMode: StrictMode policy violation; ~duration=37 ms: android.os.strictmode.DiskReadViolation
12-08 14:53:16.659  2184  2184 D StrictMode: 	at android.os.StrictMode$AndroidBlockGuardPolicy.onReadFromDisk(StrictMode.java:1659)
12-08 14:53:16.659  2184  2184 D StrictMode: 	at android.app.SharedPreferencesImpl.awaitLoadedLocked(SharedPreferencesImpl.java:275)
12-08 14:53:16.659  2184  2184 D StrictMode: 	at android.app.SharedPreferencesImpl.getInt(SharedPreferencesImpl.java:320)
12-08 14:53:16.659  2184  2184 D StrictMode: 	at com.android.providers.contacts.ContactsUpgradeReceiver.onReceive(ContactsUpgradeReceiver.java:56)
12-08 14:53:16.659  2184  2184 D StrictMode: 	at android.app.ActivityThread.handleReceiver(ActivityThread.java:4308)
12-08 14:53:16.659  2184  2184 D StrictMode: 	at android.app.ActivityThread.access$1600(ActivityThread.java:247)
12-08 14:53:16.659  2184  2184 D StrictMode: 	at android.app.ActivityThread$H.handleMessage(ActivityThread.java:2064)
12-08 14:53:16.659  2184  2184 D StrictMode: 	at android.os.Handler.dispatchMessage(Handler.java:106)
12-08 14:53:16.659  2184  2184 D StrictMode: 	at android.os.Looper.loopOnce(Looper.java:201)
12-08 14:53:16.659  2184  2184 D StrictMode: 	at android.os.Looper.loop(Looper.java:288)
12-08 14:53:16.659  2184  2184 D StrictMode: 	at android.app.ActivityThread.main(ActivityThread.java:7839)
12-08 14:53:16.659  2184  2184 D StrictMode: 	at java.lang.reflect.Method.invoke(Native Method)
12-08 14:53:16.659  2184  2184 D StrictMode: 	at com.android.internal.os.RuntimeInit$MethodAndArgsCaller.run(RuntimeInit.java:548)
12-08 14:53:16.659  2184  2184 D StrictMode: 	at com.android.internal.os.ZygoteInit.main(ZygoteInit.java:1003)
12-08 14:53:16.659  2184  2184 D StrictMode: StrictMode policy violation; ~duration=28 ms: android.os.strictmode.DiskReadViolation
12-08 14:53:16.659  2184  2184 D StrictMode: 	at android.os.StrictMode$AndroidBlockGuardPolicy.onReadFromDisk(StrictMode.java:1659)
12-08 14:53:16.659  2184  2184 D StrictMode: 	at libcore.io.BlockGuardOs.access(BlockGuardOs.java:74)
12-08 14:53:16.659  2184  2184 D StrictMode: 	at libcore.io.ForwardingOs.access(ForwardingOs.java:131)
12-08 14:53:16.659  2184  2184 D StrictMode: 	at android.app.ActivityThread$AndroidOs.access(ActivityThread.java:7716)
12-08 14:53:16.659  2184  2184 D StrictMode: 	at java.io.UnixFileSystem.checkAccess(UnixFileSystem.java:281)
12-08 14:53:16.659  2184  2184 D StrictMode: 	at java.io.File.exists(File.java:813)
12-08 14:53:16.659  2184  2184 D StrictMode: 	at android.app.SharedPreferencesImpl.writeToFile(SharedPreferencesImpl.java:738)
12-08 14:53:16.659  2184  2184 D StrictMode: 	at android.app.SharedPreferencesImpl.access$900(SharedPreferencesImpl.java:59)
12-08 14:53:16.659  2184  2184 D StrictMode: 	at android.app.SharedPreferencesImpl$2.run(SharedPreferencesImpl.java:672)
12-08 14:53:16.659  2184  2184 D StrictMode: 	at android.app.SharedPreferencesImpl.enqueueDiskWrite(SharedPreferencesImpl.java:691)
12-08 14:53:16.659  2184  2184 D StrictMode: 	at android.app.SharedPreferencesImpl.access$100(SharedPreferencesImpl.java:59)
12-08 14:53:16.659  2184  2184 D StrictMode: 	at android.app.SharedPreferencesImpl$EditorImpl.commit(SharedPreferencesImpl.java:604)
12-08 14:53:16.659  2184  2184 D StrictMode: 	at com.android.providers.contacts.ContactsUpgradeReceiver.onReceive(ContactsUpgradeReceiver.java:76)
12-08 14:53:16.659  2184  2184 D StrictMode: 	at android.app.ActivityThread.handleReceiver(ActivityThread.java:4308)
12-08 14:53:16.659  2184  2184 D StrictMode: 	at android.app.ActivityThread.access$1600(ActivityThread.java:247)
12-08 14:53:16.659  2184  2184 D StrictMode: 	at android.app.ActivityThread$H.handleMessage(ActivityThread.java:2064)
12-08 14:53:16.659  2184  2184 D StrictMode: 	at android.os.Handler.dispatchMessage(Handler.java:106)
12-08 14:53:16.659  2184  2184 D StrictMode: 	at android.os.Looper.loopOnce(Looper.java:201)
12-08 14:53:16.659  2184  2184 D StrictMode: 	at android.os.Looper.loop(Looper.java:288)
12-08 14:53:16.659  2184  2184 D StrictMode: 	at android.app.ActivityThread.main(ActivityThread.java:7839)
12-08 14:53:16.659  2184  2184 D StrictMode: 	at java.lang.reflect.Method.invoke(Native Method)
12-08 14:53:16.659  2184  2184 D StrictMode: 	at com.android.internal.os.RuntimeInit$MethodAndArgsCaller.run(RuntimeInit.java:548)
12-08 14:53:16.659  2184  2184 D StrictMode: 	at com.android.internal.os.ZygoteInit.main(ZygoteInit.java:1003)
12-08 14:53:16.659  2184  2184 D StrictMode: StrictMode policy violation; ~duration=28 ms: android.os.strictmode.DiskReadViolation
12-08 14:53:16.659  2184  2184 D StrictMode: 	at android.os.StrictMode$AndroidBlockGuardPolicy.onReadFromDisk(StrictMode.java:1659)
12-08 14:53:16.659  2184  2184 D StrictMode: 	at libcore.io.BlockGuardOs.open(BlockGuardOs.java:268)
12-08 14:53:16.659  2184  2184 D StrictMode: 	at libcore.io.ForwardingOs.open(ForwardingOs.java:567)
12-08 14:53:16.659  2184  2184 D StrictMode: 	at android.app.ActivityThread$AndroidOs.open(ActivityThread.java:7725)
12-08 14:53:16.659  2184  2184 D StrictMode: 	at libcore.io.IoBridge.open(IoBridge.java:561)
12-08 14:53:16.659  2184  2184 D StrictMode: 	at java.io.FileOutputStream.<init>(FileOutputStream.java:236)
12-08 14:53:16.659  2184  2184 D StrictMode: 	at java.io.FileOutputStream.<init>(FileOutputStream.java:186)
12-08 14:53:16.659  2184  2184 D StrictMode: 	at android.app.SharedPreferencesImpl.createFileOutputStream(SharedPreferencesImpl.java:702)
12-08 14:53:16.659  2184  2184 D StrictMode: 	at android.app.SharedPreferencesImpl.writeToFile(SharedPreferencesImpl.java:793)
12-08 14:53:16.659  2184  2184 D StrictMode: 	at android.app.SharedPreferencesImpl.access$900(SharedPreferencesImpl.java:59)
12-08 14:53:16.659  2184  2184 D StrictMode: 	at android.app.SharedPreferencesImpl$2.run(SharedPreferencesImpl.java:672)
12-08 14:53:16.659  2184  2184 D StrictMode: 	at android.app.SharedPreferencesImpl.enqueueDiskWrite(SharedPreferencesImpl.java:691)
12-08 14:53:16.659  2184  2184 D StrictMode: 	at android.app.SharedPreferencesImpl.access$100(SharedPreferencesImpl.java:59)
12-08 14:53:16.659  2184  2184 D StrictMode: 	at android.app.SharedPreferencesImpl$EditorImpl.commit(SharedPreferencesImpl.java:604)
12-08 14:53:16.659  2184  2184 D StrictMode: 	at com.android.providers.contacts.ContactsUpgradeReceiver.onReceive(ContactsUpgradeReceiver.java:76)
12-08 14:53:16.659  2184  2184 D StrictMode: 	at android.app.ActivityThread.handleReceiver(ActivityThread.java:4308)
12-08 14:53:16.659  2184  2184 D StrictMode: 	at android.app.ActivityThread.access$1600(ActivityThread.java:247)
12-08 14:53:16.659  2184  2184 D StrictMode: 	at android.app.ActivityThread$H.handleMessage(ActivityThread.java:2064)
12-08 14:53:16.659  2184  2184 D StrictMode: 	at android.os.Handler.dispatchMessage(Handler.java:106)
12-08 14:53:16.659  2184  2184 D StrictMode: 	at android.os.Looper.loopOnce(Looper.java:201)
12-08 14:53:16.659  2184  2184 D StrictMode: 	at android.os.Looper.loop(Looper.java:288)
12-08 14:53:16.659  2184  2184 D StrictMode: 	at android.app.ActivityThread.main(ActivityThread.java:7839)
12-08 14:53:16.659  2184  2184 D StrictMode: 	at java.lang.reflect.Method.invoke(Native Method)
12-08 14:53:16.659  2184  2184 D StrictMode: 	at com.android.internal.os.RuntimeInit$MethodAndArgsCaller.run(RuntimeInit.java:548)
12-08 14:53:16.659  2184  2184 D StrictMode: 	at com.android.internal.os.ZygoteInit.main(ZygoteInit.java:1003)
12-08 14:53:16.659  2184  2184 D StrictMode: StrictMode policy violation; ~duration=28 ms: android.os.strictmode.DiskWriteViolation
12-08 14:53:16.659  2184  2184 D StrictMode: 	at android.os.StrictMode$AndroidBlockGuardPolicy.onWriteToDisk(StrictMode.java:1615)
12-08 14:53:16.659  2184  2184 D StrictMode: 	at libcore.io.BlockGuardOs.open(BlockGuardOs.java:271)
12-08 14:53:16.659  2184  2184 D StrictMode: 	at libcore.io.ForwardingOs.open(ForwardingOs.java:567)
12-08 14:53:16.659  2184  2184 D StrictMode: 	at android.app.ActivityThread$AndroidOs.open(ActivityThread.java:7725)
12-08 14:53:16.659  2184  2184 D StrictMode: 	at libcore.io.IoBridge.open(IoBridge.java:561)
12-08 14:53:16.659  2184  2184 D StrictMode: 	at java.io.FileOutputStream.<init>(FileOutputStream.java:236)
12-08 14:53:16.659  2184  2184 D StrictMode: 	at java.io.FileOutputStream.<init>(FileOutputStream.java:186)
12-08 14:53:16.659  2184  2184 D StrictMode: 	at android.app.SharedPreferencesImpl.createFileOutputStream(SharedPreferencesImpl.java:702)
12-08 14:53:16.659  2184  2184 D StrictMode: 	at android.app.SharedPreferencesImpl.writeToFile(SharedPreferencesImpl.java:793)
12-08 14:53:16.659  2184  2184 D StrictMode: 	at android.app.SharedPreferencesImpl.access$900(SharedPreferencesImpl.java:59)
12-08 14:53:16.659  2184  2184 D StrictMode: 	at android.app.SharedPreferencesImpl$2.run(SharedPreferencesImpl.java:672)
12-08 14:53:16.659  2184  2184 D StrictMode: 	at android.app.SharedPreferencesImpl.enqueueDiskWrite(SharedPreferencesImpl.java:691)
12-08 14:53:16.659  2184  2184 D StrictMode: 	at android.app.SharedPreferencesImpl.access$100(SharedPreferencesImpl.java:59)
12-08 14:53:16.659  2184  2184 D StrictMode: 	at android.app.SharedPreferencesImpl$EditorImpl.commit(SharedPreferencesImpl.java:604)
12-08 14:53:16.659  2184  2184 D StrictMode: 	at com.android.providers.contacts.ContactsUpgradeReceiver.onReceive(ContactsUpgradeReceiver.java:76)
12-08 14:53:16.659  2184  2184 D StrictMode: 	at android.app.ActivityThread.handleReceiver(ActivityThread.java:4308)
12-08 14:53:16.659  2184  2184 D StrictMode: 	at android.app.ActivityThread.access$1600(ActivityThread.java:247)
12-08 14:53:16.659  2184  2184 D StrictMode: 	at android.app.ActivityThread$H.handleMessage(ActivityThread.java:2064)
12-08 14:53:16.659  2184  2184 D StrictMode: 	at android.os.Handler.dispatchMessage(Handler.java:106)
12-08 14:53:16.659  2184  2184 D StrictMode: 	at android.os.Looper.loopOnce(Looper.java:201)
12-08 14:53:16.659  2184  2184 D StrictMode: 	at android.os.Looper.loop(Looper.java:288)
12-08 14:53:16.659  2184  2184 D StrictMode: 	at android.app.ActivityThread.main(ActivityThread.java:7839)
12-08 14:53:16.659  2184  2184 D StrictMode: 	at java.lang.reflect.Method.invoke(Native Method)
12-08 14:53:16.659  2184  2184 D StrictMode: 	at com.android.internal.os.RuntimeInit$MethodAndArgsCaller.run(RuntimeInit.java:548)
12-08 14:53:16.659  2184  2184 D StrictMode: 	at com.android.internal.os.ZygoteInit.main(ZygoteInit.java:1003)
12-08 14:53:16.659  2184  2184 D StrictMode: StrictMode policy violation; ~duration=28 ms: android.os.strictmode.DiskReadViolation
12-08 14:53:16.659  2184  2184 D StrictMode: 	at android.os.StrictMode$AndroidBlockGuardPolicy.onReadFromDisk(StrictMode.java:1659)
12-08 14:53:16.659  2184  2184 D StrictMode: 	at libcore.io.BlockGuardOs.fstat(BlockGuardOs.java:193)
12-08 14:53:16.659  2184  2184 D StrictMode: 	at libcore.io.ForwardingOs.fstat(ForwardingOs.java:264)
12-08 14:53:16.659  2184  2184 D StrictMode: 	at libcore.io.IoBridge.open(IoBridge.java:564)
12-08 14:53:16.659  2184  2184 D StrictMode: 	at java.io.FileOutputStream.<init>(FileOutputStream.java:236)
12-08 14:53:16.659  2184  2184 D StrictMode: 	at java.io.FileOutputStream.<init>(FileOutputStream.java:186)
12-08 14:53:16.659  2184  2184 D StrictMode: 	at android.app.SharedPreferencesImpl.createFileOutputStream(SharedPreferencesImpl.java:702)
12-08 14:53:16.659  2184  2184 D StrictMode: 	at android.app.SharedPreferencesImpl.writeToFile(SharedPreferencesImpl.java:793)
12-08 14:53:16.659  2184  2184 D StrictMode: 	at android.app.SharedPreferencesImpl.access$900(SharedPreferencesImpl.java:59)
12-08 14:53:16.659  2184  2184 D StrictMode: 	at android.app.SharedPreferencesImpl$2.run(SharedPreferencesImpl.java:672)
12-08 14:53:16.659  2184  2184 D StrictMode: 	at android.app.SharedPreferencesImpl.enqueueDiskWrite(SharedPreferencesImpl.java:691)
12-08 14:53:16.659  2184  2184 D StrictMode: 	at android.app.SharedPreferencesImpl.access$100(SharedPreferencesImpl.java:59)
12-08 14:53:16.659  2184  2184 D StrictMode: 	at android.app.SharedPreferencesImpl$EditorImpl.commit(SharedPreferencesImpl.java:604)
12-08 14:53:16.659  2184  2184 D StrictMode: 	at com.android.providers.contacts.ContactsUpgradeReceiver.onReceive(ContactsUpgradeReceiver.java:76)
12-08 14:53:16.659  2184  2184 D StrictMode: 	at android.app.ActivityThread.handleReceiver(ActivityThread.java:4308)
12-08 14:53:16.659  2184  2184 D StrictMode: 	at android.app.ActivityThread.access$1600(ActivityThread.java:247)
12-08 14:53:16.659  2184  2184 D StrictMode: 	at android.app.ActivityThread$H.handleMessage(ActivityThread.java:2064)
12-08 14:53:16.659  2184  2184 D StrictMode: 	at android.os.Handler.dispatchMessage(Handler.java:106)
12-08 14:53:16.659  2184  2184 D StrictMode: 	at android.os.Looper.loopOnce(Looper.java:201)
12-08 14:53:16.659  2184  2184 D StrictMode: 	at android.os.Looper.loop(Looper.java:288)
12-08 14:53:16.659  2184  2184 D StrictMode: 	at android.app.ActivityThread.main(ActivityThread.java:7839)
12-08 14:53:16.659  2184  2184 D StrictMode: 	at java.lang.reflect.Method.invoke(Native Method)
12-08 14:53:16.659  2184  2184 D StrictMode: 	at com.android.internal.os.RuntimeInit$MethodAndArgsCaller.run(RuntimeInit.java:548)
12-08 14:53:16.659  2184  2184 D StrictMode: 	at com.android.internal.os.ZygoteInit.main(ZygoteInit.java:1003)
12-08 14:53:16.664   887  1072 I PermissionControllerServiceImpl: Updating user sensitive for uid 10095
12-08 14:53:16.670   348  3982 D resolv  : GetAddrInfoHandler::run: {100 983140 100 983140 1073 1}
12-08 14:53:16.670   348  3982 D resolv  : resolv_getaddrinfo: explore_fqdn(): ai_family=0 ai_socktype=1 ai_protocol=6
12-08 14:53:16.678   348  3983 D resolv  : doQuery: (1, 28)
12-08 14:53:16.678   348  3983 D resolv  : res_nmkquery: (QUERY, IN, AAAA)
12-08 14:53:16.678   348  3983 D resolv  : res_nsend
12-08 14:53:16.678   348  3983 I resolv  : resolv_cache_lookup: lookup
12-08 14:53:16.678   348  3983 I resolv  : resolv_cache_lookup: FOUND IN CACHE entry=0x79c58fc56eb0
12-08 14:53:16.678   348  3983 D resolv  : doQuery: rcode=0, ancount=1
12-08 14:53:16.678   566   579 I system_server: NativeAlloc concurrent copying GC freed 583346(18MB) AllocSpace objects, 21(708KB) LOS objects, 50% free, 19MB/39MB, paused 1.425ms,35us total 896.272ms
12-08 14:53:16.689   348  3984 D resolv  : doQuery: (1, 1)
12-08 14:53:16.689   348  3984 D resolv  : res_nmkquery: (QUERY, IN, A)
12-08 14:53:16.689   348  3984 D resolv  : res_nsend
12-08 14:53:16.689   348  3984 I resolv  : resolv_cache_lookup: lookup
12-08 14:53:16.689   348  3984 I resolv  : resolv_cache_lookup: FOUND IN CACHE entry=0x79c58fc57af0
12-08 14:53:16.689   348  3984 D resolv  : doQuery: rcode=0, ancount=1
12-08 14:53:16.692  2743  2743 I GsaVoiceInteractionSrv: Handling ACTION_START_HOTWORD
12-08 14:53:16.693  2743  2743 I GsaVoiceInteractionSrv: disregardVoiceMatch: false
12-08 14:53:16.693  3580  3580 D LifecycleMonitor: Lifecycle status change: com.example.dogglers.HorizontalListActivity@ed21985 in: PAUSED
12-08 14:53:16.693  3580  3580 V ActivityScenario: Update currentActivityStage to PAUSED, currentActivity=com.example.dogglers.HorizontalListActivity@ed21985
12-08 14:53:16.696   348   411 I netd    : trafficSwapActiveStatsMap() <17.58ms>
12-08 14:53:16.698  2184  2184 D StrictMode: StrictMode policy violation; ~duration=28 ms: android.os.strictmode.DiskWriteViolation
12-08 14:53:16.698  2184  2184 D StrictMode: 	at android.os.StrictMode$AndroidBlockGuardPolicy.onWriteToDisk(StrictMode.java:1615)
12-08 14:53:16.698  2184  2184 D StrictMode: 	at libcore.io.BlockGuardOs.write(BlockGuardOs.java:446)
12-08 14:53:16.698  2184  2184 D StrictMode: 	at libcore.io.ForwardingOs.write(ForwardingOs.java:951)
12-08 14:53:16.698  2184  2184 D StrictMode: 	at libcore.io.IoBridge.write(IoBridge.java:649)
12-08 14:53:16.698  2184  2184 D StrictMode: 	at java.io.FileOutputStream.write(FileOutputStream.java:401)
12-08 14:53:16.698  2184  2184 D StrictMode: 	at com.android.internal.util.FastXmlSerializer.flushBytes(FastXmlSerializer.java:253)
12-08 14:53:16.698  2184  2184 D StrictMode: 	at com.android.internal.util.FastXmlSerializer.flush(FastXmlSerializer.java:274)
12-08 14:53:16.698  2184  2184 D StrictMode: 	at com.android.internal.util.FastXmlSerializer.endDocument(FastXmlSerializer.java:219)
12-08 14:53:16.698  2184  2184 D StrictMode: 	at com.android.internal.util.XmlSerializerWrapper.endDocument(XmlSerializerWrapper.java:68)
12-08 14:53:16.698  2184  2184 D StrictMode: 	at com.android.internal.util.XmlUtils.writeMapXml(XmlUtils.java:408)
12-08 14:53:16.698  2184  2184 D StrictMode: 	at android.app.SharedPreferencesImpl.writeToFile(SharedPreferencesImpl.java:803)
12-08 14:53:16.698  2184  2184 D StrictMode: 	at android.app.SharedPreferencesImpl.access$900(SharedPreferencesImpl.java:59)
12-08 14:53:16.698  2184  2184 D StrictMode: 	at android.app.SharedPreferencesImpl$2.run(SharedPreferencesImpl.java:672)
12-08 14:53:16.698  2184  2184 D StrictMode: 	at android.app.SharedPreferencesImpl.enqueueDiskWrite(SharedPreferencesImpl.java:691)
12-08 14:53:16.698  2184  2184 D StrictMode: 	at android.app.SharedPreferencesImpl.access$100(SharedPreferencesImpl.java:59)
12-08 14:53:16.698  2184  2184 D StrictMode: 	at android.app.SharedPreferencesImpl$EditorImpl.commit(SharedPreferencesImpl.java:604)
12-08 14:53:16.698  2184  2184 D StrictMode: 	at com.android.providers.contacts.ContactsUpgradeReceiver.onReceive(ContactsUpgradeReceiver.java:76)
12-08 14:53:16.698  2184  2184 D StrictMode: 	at android.app.ActivityThread.handleReceiver(ActivityThread.java:4308)
12-08 14:53:16.698  2184  2184 D StrictMode: 	at android.app.ActivityThread.access$1600(ActivityThread.java:247)
12-08 14:53:16.698  2184  2184 D StrictMode: 	at android.app.ActivityThread$H.handleMessage(ActivityThread.java:2064)
12-08 14:53:16.698  2184  2184 D StrictMode: 	at android.os.Handler.dispatchMessage(Handler.java:106)
12-08 14:53:16.698  2184  2184 D StrictMode: 	at android.os.Looper.loopOnce(Looper.java:201)
12-08 14:53:16.698  2184  2184 D StrictMode: 	at android.os.Looper.loop(Looper.java:288)
12-08 14:53:16.698  2184  2184 D StrictMode: 	at android.app.ActivityThread.main(ActivityThread.java:7839)
12-08 14:53:16.698  2184  2184 D StrictMode: 	at java.lang.reflect.Method.invoke(Native Method)
12-08 14:53:16.698  2184  2184 D StrictMode: 	at com.android.internal.os.RuntimeInit$MethodAndArgsCaller.run(RuntimeInit.java:548)
12-08 14:53:16.698  2184  2184 D StrictMode: 	at com.android.internal.os.ZygoteInit.main(ZygoteInit.java:1003)
12-08 14:53:16.699  2184  2184 D StrictMode: StrictMode policy violation; ~duration=17 ms: android.os.strictmode.DiskWriteViolation
12-08 14:53:16.699  2184  2184 D StrictMode: 	at android.os.StrictMode$AndroidBlockGuardPolicy.onWriteToDisk(StrictMode.java:1615)
12-08 14:53:16.699  2184  2184 D StrictMode: 	at libcore.io.BlockGuardOs.chmod(BlockGuardOs.java:81)
12-08 14:53:16.699  2184  2184 D StrictMode: 	at libcore.io.ForwardingOs.chmod(ForwardingOs.java:168)
12-08 14:53:16.699  2184  2184 D StrictMode: 	at android.system.Os.chmod(Os.java:121)
12-08 14:53:16.699  2184  2184 D StrictMode: 	at android.os.FileUtils.setPermissions(FileUtils.java:168)
12-08 14:53:16.699  2184  2184 D StrictMode: 	at android.app.ContextImpl.setFilePermissionsFromMode(ContextImpl.java:3243)
12-08 14:53:16.699  2184  2184 D StrictMode: 	at android.app.SharedPreferencesImpl.writeToFile(SharedPreferencesImpl.java:812)
12-08 14:53:16.699  2184  2184 D StrictMode: 	at android.app.SharedPreferencesImpl.access$900(SharedPreferencesImpl.java:59)
12-08 14:53:16.699  2184  2184 D StrictMode: 	at android.app.SharedPreferencesImpl$2.run(SharedPreferencesImpl.java:672)
12-08 14:53:16.699  2184  2184 D StrictMode: 	at android.app.SharedPreferencesImpl.enqueueDiskWrite(SharedPreferencesImpl.java:691)
12-08 14:53:16.699  2184  2184 D StrictMode: 	at android.app.SharedPreferencesImpl.access$100(SharedPreferencesImpl.java:59)
12-08 14:53:16.699  2184  2184 D StrictMode: 	at android.app.SharedPreferencesImpl$EditorImpl.commit(SharedPreferencesImpl.java:604)
12-08 14:53:16.699  2184  2184 D StrictMode: 	at com.android.providers.contacts.ContactsUpgradeReceiver.onReceive(ContactsUpgradeReceiver.java:76)
12-08 14:53:16.699  2184  2184 D StrictMode: 	at android.app.ActivityThread.handleReceiver(ActivityThread.java:4308)
12-08 14:53:16.699  2184  2184 D StrictMode: 	at android.app.ActivityThread.access$1600(ActivityThread.java:247)
12-08 14:53:16.699  2184  2184 D StrictMode: 	at android.app.ActivityThread$H.handleMessage(ActivityThread.java:2064)
12-08 14:53:16.699  2184  2184 D StrictMode: 	at android.os.Handler.dispatchMessage(Handler.java:106)
12-08 14:53:16.699  2184  2184 D StrictMode: 	at android.os.Looper.loopOnce(Looper.java:201)
12-08 14:53:16.699  2184  2184 D StrictMode: 	at android.os.Looper.loop(Looper.java:288)
12-08 14:53:16.699  2184  2184 D StrictMode: 	at android.app.ActivityThread.main(ActivityThread.java:7839)
12-08 14:53:16.699  2184  2184 D StrictMode: 	at java.lang.reflect.Method.invoke(Native Method)
12-08 14:53:16.699  2184  2184 D StrictMode: 	at com.android.internal.os.RuntimeInit$MethodAndArgsCaller.run(RuntimeInit.java:548)
12-08 14:53:16.699  2184  2184 D StrictMode: 	at com.android.internal.os.ZygoteInit.main(ZygoteInit.java:1003)
12-08 14:53:16.699  2184  2184 D StrictMode: StrictMode policy violation; ~duration=17 ms: android.os.strictmode.DiskReadViolation
12-08 14:53:16.699  2184  2184 D StrictMode: 	at android.os.StrictMode$AndroidBlockGuardPolicy.onReadFromDisk(StrictMode.java:1659)
12-08 14:53:16.699  2184  2184 D StrictMode: 	at libcore.io.BlockGuardOs.stat(BlockGuardOs.java:418)
12-08 14:53:16.699  2184  2184 D StrictMode: 	at libcore.io.ForwardingOs.stat(ForwardingOs.java:853)
12-08 14:53:16.699  2184  2184 D StrictMode: 	at android.app.ActivityThread$AndroidOs.stat(ActivityThread.java:7739)
12-08 14:53:16.699  2184  2184 D StrictMode: 	at android.system.Os.stat(Os.java:919)
12-08 14:53:16.699  2184  2184 D StrictMode: 	at android.app.SharedPreferencesImpl.writeToFile(SharedPreferencesImpl.java:819)
12-08 14:53:16.699  2184  2184 D StrictMode: 	at android.app.SharedPreferencesImpl.access$900(SharedPreferencesImpl.java:59)
12-08 14:53:16.699  2184  2184 D StrictMode: 	at android.app.SharedPreferencesImpl$2.run(SharedPreferencesImpl.java:672)
12-08 14:53:16.699  2184  2184 D StrictMode: 	at android.app.SharedPreferencesImpl.enqueueDiskWrite(SharedPreferencesImpl.java:691)
12-08 14:53:16.699  2184  2184 D StrictMode: 	at android.app.SharedPreferencesImpl.access$100(SharedPreferencesImpl.java:59)
12-08 14:53:16.699  2184  2184 D StrictMode: 	at android.app.SharedPreferencesImpl$EditorImpl.commit(SharedPreferencesImpl.java:604)
12-08 14:53:16.699  2184  2184 D StrictMode: 	at com.android.providers.contacts.ContactsUpgradeReceiver.onReceive(ContactsUpgradeReceiver.java:76)
12-08 14:53:16.699  2184  2184 D StrictMode: 	at android.app.ActivityThread.handleReceiver(ActivityThread.java:4308)
12-08 14:53:16.699  2184  2184 D StrictMode: 	at android.app.ActivityThread.access$1600(ActivityThread.java:247)
12-08 14:53:16.699  2184  2184 D StrictMode: 	at android.app.ActivityThread$H.handleMessage(ActivityThread.java:2064)
12-08 14:53:16.699  2184  2184 D StrictMode: 	at android.os.Handler.dispatchMessage(Handler.java:106)
12-08 14:53:16.699  2184  2184 D StrictMode: 	at android.os.Looper.loopOnce(Looper.java:201)
12-08 14:53:16.699  2184  2184 D StrictMode: 	at android.os.Looper.loop(Looper.java:288)
12-08 14:53:16.699  2184  2184 D StrictMode: 	at android.app.ActivityThread.main(ActivityThread.java:7839)
12-08 14:53:16.699  2184  2184 D StrictMode: 	at java.lang.reflect.Method.invoke(Native Method)
12-08 14:53:16.699  2184  2184 D StrictMode: 	at com.android.internal.os.RuntimeInit$MethodAndArgsCaller.run(RuntimeInit.java:548)
12-08 14:53:16.699  2184  2184 D StrictMode: 	at com.android.internal.os.ZygoteInit.main(ZygoteInit.java:1003)
12-08 14:53:16.699  2184  2184 D StrictMode: StrictMode policy violation; ~duration=17 ms: android.os.strictmode.DiskWriteViolation
12-08 14:53:16.699  2184  2184 D StrictMode: 	at android.os.StrictMode$AndroidBlockGuardPolicy.onWriteToDisk(StrictMode.java:1615)
12-08 14:53:16.699  2184  2184 D StrictMode: 	at libcore.io.BlockGuardOs.remove(BlockGuardOs.java:364)
12-08 14:53:16.699  2184  2184 D StrictMode: 	at libcore.io.ForwardingOs.remove(ForwardingOs.java:678)
12-08 14:53:16.699  2184  2184 D StrictMode: 	at android.app.ActivityThread$AndroidOs.remove(ActivityThread.java:7757)
12-08 14:53:16.699  2184  2184 D StrictMode: 	at java.io.UnixFileSystem.delete(UnixFileSystem.java:331)
12-08 14:53:16.699  2184  2184 D StrictMode: 	at java.io.File.delete(File.java:1035)
12-08 14:53:16.699  2184  2184 D StrictMode: 	at android.app.SharedPreferencesImpl.writeToFile(SharedPreferencesImpl.java:833)
12-08 14:53:16.699  2184  2184 D StrictMode: 	at android.app.SharedPreferencesImpl.access$900(SharedPreferencesImpl.java:59)
12-08 14:53:16.699  2184  2184 D StrictMode: 	at android.app.SharedPreferencesImpl$2.run(SharedPreferencesImpl.java:672)
12-08 14:53:16.699  2184  2184 D StrictMode: 	at android.app.SharedPreferencesImpl.enqueueDiskWrite(SharedPreferencesImpl.java:691)
12-08 14:53:16.699  2184  2184 D StrictMode: 	at android.app.SharedPreferencesImpl.access$100(SharedPreferencesImpl.java:59)
12-08 14:53:16.699  2184  2184 D StrictMode: 	at android.app.SharedPreferencesImpl$EditorImpl.commit(SharedPreferencesImpl.java:604)
12-08 14:53:16.699  2184  2184 D StrictMode: 	at com.android.providers.contacts.ContactsUpgradeReceiver.onReceive(ContactsUpgradeReceiver.java:76)
12-08 14:53:16.699  2184  2184 D StrictMode: 	at android.app.ActivityThread.handleReceiver(ActivityThread.java:4308)
12-08 14:53:16.699  2184  2184 D StrictMode: 	at android.app.ActivityThread.access$1600(ActivityThread.java:247)
12-08 14:53:16.699  2184  2184 D StrictMode: 	at android.app.ActivityThread$H.handleMessage(ActivityThread.java:2064)
12-08 14:53:16.699  2184  2184 D StrictMode: 	at android.os.Handler.dispatchMessage(Handler.java:106)
12-08 14:53:16.699  2184  2184 D StrictMode: 	at android.os.Looper.loopOnce(Looper.java:201)
12-08 14:53:16.699  2184  2184 D StrictMode: 	at android.os.Looper.loop(Looper.java:288)
12-08 14:53:16.699  2184  2184 D StrictMode: 	at android.app.ActivityThread.main(ActivityThread.java:7839)
12-08 14:53:16.699  2184  2184 D StrictMode: 	at java.lang.reflect.Method.invoke(Native Method)
12-08 14:53:16.699  2184  2184 D StrictMode: 	at com.android.internal.os.RuntimeInit$MethodAndArgsCaller.run(RuntimeInit.java:548)
12-08 14:53:16.699  2184  2184 D StrictMode: 	at com.android.internal.os.ZygoteInit.main(ZygoteInit.java:1003)
12-08 14:53:16.701   348   411 I netd    : tetherGetStats() -> {[]} <3.11ms>
12-08 14:53:16.747  1076  3975 D NetworkMonitor/100: PROBE_DNS www.google.com 144ms OK 142.251.37.228,2a00:1450:4006:813::2004
12-08 14:53:16.762   873   873 V MediaPlayerList: mPackageChangedBroadcastReceiver: action: android.intent.action.PACKAGE_CHANGED
12-08 14:53:16.762   887  1072 I PermissionControllerServiceImpl: Updating user sensitive for uid 10112
12-08 14:53:16.763   873   873 D MediaPlayerList: Name of package changed: com.google.android.syncadapters.contacts
