12-08 14:53:16.769   566  2420 W InputManager-JNI: Input channel object 'df86cd2 Splash Screen com.example.dogglers (client)' was disposed without first being removed with the input manager!
12-08 14:53:16.772   348  3986 D resolv  : GetAddrInfoHandler::run: {100 983140 100 983140 1073 1}
12-08 14:53:16.772   348  3986 D resolv  : resolv_getaddrinfo: explore_fqdn(): ai_family=0 ai_socktype=1 ai_protocol=6
12-08 14:53:16.777  3580  3580 D LifecycleMonitor: Lifecycle status change: androidx.test.core.app.InstrumentationActivityInvoker$EmptyActivity@e1d5d43 in: PRE_ON_CREATE
12-08 14:53:16.778  3580  3580 V ActivityScenario: Activity lifecycle changed event received but ignored because the intent does not match. startActivityIntent=Intent { act=android.intent.action.MAIN cat=[android.intent.category.LAUNCHER] cmp=com.example.dogglers/.HorizontalListActivity }, activity.getIntent()=Intent { act=android.intent.action.MAIN cat=[android.intent.category.LAUNCHER] flg=0x10000000 cmp=com.example.dogglers/androidx.test.core.app.InstrumentationActivityInvoker$EmptyActivity }, activity=androidx.test.core.app.InstrumentationActivityInvoker$EmptyActivity@e1d5d43
12-08 14:53:16.791  1141  1141 D CarrierSvcBindHelper: No carrier app for: 0
12-08 14:53:16.791   348  3987 D resolv  : doQuery: (1, 28)
12-08 14:53:16.791   348  3987 D resolv  : res_nmkquery: (QUERY, IN, AAAA)
12-08 14:53:16.791   348  3987 D resolv  : res_nsend
12-08 14:53:16.791   348  3987 I resolv  : resolv_cache_lookup: lookup
12-08 14:53:16.792   348  3987 I resolv  : resolv_cache_lookup: FOUND IN CACHE entry=0x79c57fc5c8d0
12-08 14:53:16.792   348  3987 D resolv  : doQuery: rcode=0, ancount=1
12-08 14:53:16.794   348  3988 D resolv  : doQuery: (1, 1)
12-08 14:53:16.794   348  3988 D resolv  : res_nmkquery: (QUERY, IN, A)
12-08 14:53:16.795   348  3988 D resolv  : res_nsend
12-08 14:53:16.795   348  3988 I resolv  : resolv_cache_lookup: lookup
12-08 14:53:16.795   348  3988 I resolv  : resolv_cache_lookup: FOUND IN CACHE entry=0x79c56fc5b0e0
12-08 14:53:16.795   348  3988 D resolv  : doQuery: rcode=0, ancount=1
12-08 14:53:16.809   880   880 D InterruptionStateProvider: No bubble up: not allowed to bubble: 0|android|13|PreBootBroadcaster|1000
12-08 14:53:16.812   566   814 W system_server: Long monitor contention with owner NetworkStats (812) at void com.android.server.net.NetworkStatsService.performPoll(int)(NetworkStatsService.java:1506) waiters=0 in void com.android.server.net.NetworkStatsService.setUidForeground(int, boolean) for 126ms
12-08 14:53:16.813   348   411 I netd    : bandwidthSetGlobalAlert(2097152) <0.43ms>
12-08 14:53:16.816   887  1104 W Role    : Cannot get ApplicationInfo for default holder: com.google.android.contacts
12-08 14:53:16.818   880   880 D InterruptionStateProvider: No heads up: unimportant notification: 0|android|13|PreBootBroadcaster|1000
12-08 14:53:16.839  1400  1505 I Icing   : Indexing done com.google.android.gms-internal.3p:MobileApplication
12-08 14:53:16.842  1400  1505 I Icing   : Indexing com.google.android.gms-apps from com.google.android.gms
12-08 14:53:16.873  2743  2743 I GsaVoiceInteractionSrv: Handling ACTION_STOP_HOTWORD
12-08 14:53:16.883  3580  3580 D LifecycleMonitor: Lifecycle status change: androidx.test.core.app.InstrumentationActivityInvoker$EmptyActivity@e1d5d43 in: CREATED
12-08 14:53:16.893  3580  3580 V ActivityScenario: Activity lifecycle changed event received but ignored because the intent does not match. startActivityIntent=Intent { act=android.intent.action.MAIN cat=[android.intent.category.LAUNCHER] cmp=com.example.dogglers/.HorizontalListActivity }, activity.getIntent()=Intent { act=android.intent.action.MAIN cat=[android.intent.category.LAUNCHER] flg=0x10000000 cmp=com.example.dogglers/androidx.test.core.app.InstrumentationActivityInvoker$EmptyActivity }, activity=androidx.test.core.app.InstrumentationActivityInvoker$EmptyActivity@e1d5d43
12-08 14:53:16.901   887  1104 W Role    : Cannot get ApplicationInfo for default holder: com.google.android.as
12-08 14:53:16.906  3580  3580 D LifecycleMonitor: Lifecycle status change: androidx.test.core.app.InstrumentationActivityInvoker$EmptyActivity@e1d5d43 in: STARTED
12-08 14:53:16.907  3580  3580 V ActivityScenario: Activity lifecycle changed event received but ignored because the intent does not match. startActivityIntent=Intent { act=android.intent.action.MAIN cat=[android.intent.category.LAUNCHER] cmp=com.example.dogglers/.HorizontalListActivity }, activity.getIntent()=Intent { act=android.intent.action.MAIN cat=[android.intent.category.LAUNCHER] flg=0x10000000 cmp=com.example.dogglers/androidx.test.core.app.InstrumentationActivityInvoker$EmptyActivity }, activity=androidx.test.core.app.InstrumentationActivityInvoker$EmptyActivity@e1d5d43
12-08 14:53:16.910  1076  3976 D NetworkMonitor/100: PROBE_HTTP http://connectivitycheck.gstatic.com/generate_204 time=251ms ret=204 request={Connection=[close], User-Agent=[Mozilla/5.0 (X11; Linux x86_64) AppleWebKit/537.36 (KHTML, like Gecko) Chrome/60.0.3112.32 Safari/537.36]} headers={null=[HTTP/1.1 204 No Content], Connection=[close], Content-Length=[0], Cross-Origin-Resource-Policy=[cross-origin], Date=[Thu, 08 Dec 2022 12:53:17 GMT], X-Android-Received-Millis=[1670503996905], X-Android-Response-Source=[NETWORK 204], X-Android-Selected-Protocol=[http/1.1], X-Android-Sent-Millis=[1670503996801]}
12-08 14:53:16.921  3580  3580 D LifecycleMonitor: Lifecycle status change: androidx.test.core.app.InstrumentationActivityInvoker$EmptyActivity@e1d5d43 in: RESUMED
12-08 14:53:16.923  3580  3580 V ActivityScenario: Activity lifecycle changed event received but ignored because the intent does not match. startActivityIntent=Intent { act=android.intent.action.MAIN cat=[android.intent.category.LAUNCHER] cmp=com.example.dogglers/.HorizontalListActivity }, activity.getIntent()=Intent { act=android.intent.action.MAIN cat=[android.intent.category.LAUNCHER] flg=0x10000000 cmp=com.example.dogglers/androidx.test.core.app.InstrumentationActivityInvoker$EmptyActivity }, activity=androidx.test.core.app.InstrumentationActivityInvoker$EmptyActivity@e1d5d43
12-08 14:53:16.929  2629  2651 I ProxyGalProvider: QueryGalProvider in Legacy provider.
12-08 14:53:16.940   566   707 I InputReader: Reconfiguring input devices, changes=KEYBOARD_LAYOUTS |
12-08 14:53:16.941  1400  1505 I Icing   : Indexing done com.google.android.gms-apps
12-08 14:53:16.987  1141  1141 D CarrierSvcBindHelper: No carrier app for: 0
12-08 14:53:16.987  1141  1141 D ImsResolver: maybeAddedImsService, packageName: com.google.android.apps.messaging
12-08 14:53:16.989  1141  1141 D ImsResolver: maybeAddedImsService, packageName: com.google.android.syncadapters.contacts
12-08 14:53:17.007   348   411 I netd    : bandwidthRemoveInterfaceQuota(eth0) <1.83ms>
12-08 14:53:17.010   348   411 I netd    : bandwidthSetInterfaceQuota(eth0, 9223372036854775807) <1.88ms>
12-08 14:53:17.011   365   383 D goldfish-address-space: claimShared: Ask to claim region [0x3ec000000 0x3ece10000]
12-08 14:53:17.022   365   383 D goldfish-address-space: claimShared: Ask to claim region [0x3ece10000 0x3edc20000]
12-08 14:53:17.029   365   383 D goldfish-address-space: claimShared: Ask to claim region [0x3edc20000 0x3eea30000]
12-08 14:53:17.048   566   707 I InputReader: Reconfiguring input devices, changes=KEYBOARD_LAYOUTS |
12-08 14:53:17.049   566   707 I InputReader: Reconfiguring input devices, changes=KEYBOARD_LAYOUTS |
12-08 14:53:17.059   873   873 V MediaPlayerList: mPackageChangedBroadcastReceiver: action: android.intent.action.PACKAGE_CHANGED
12-08 14:53:17.059   873   873 D MediaPlayerList: Name of package changed: com.google.android.gms
12-08 14:53:17.061   873   873 V MediaPlayerList: mPackageChangedBroadcastReceiver: action: android.intent.action.PACKAGE_CHANGED
12-08 14:53:17.061   873   873 D MediaPlayerList: Name of package changed: com.google.android.settings.intelligence
12-08 14:53:17.086  1400  2742 W PeopleGalProvider: Not enabled to outside of GmsCore.
12-08 14:53:17.086  1400  2742 I PeopleGalProvider: Method 0 completed.
12-08 14:53:17.089  2184  3033 I ContactDirectoryManager: Directory provider com.google.android.gms(com.google.android.gms.people.gal.provider) returned a NULL cursor.
12-08 14:53:17.101  1278  3203 W ChimeraUtils: Module com.google.android.gms.nearby_en has empty metadata display_name_string_id
12-08 14:53:17.117  3580  3580 D LifecycleMonitor: Lifecycle status change: com.example.dogglers.HorizontalListActivity@ed21985 in: STOPPED
12-08 14:53:17.117  3580  3580 V ActivityScenario: Update currentActivityStage to STOPPED, currentActivity=com.example.dogglers.HorizontalListActivity@ed21985
12-08 14:53:17.119  3580  3580 D LifecycleMonitor: Lifecycle status change: com.example.dogglers.HorizontalListActivity@ed21985 in: DESTROYED
12-08 14:53:17.119  3580  3580 V ActivityScenario: Update currentActivityStage to DESTROYED, currentActivity=null
12-08 14:53:17.124  1278  3203 W ChimeraUtils: Module com.google.android.gms.nearby_en has empty metadata display_name_string_id
12-08 14:53:17.130   880  1061 D PeopleSpaceWidgetMgr: Sbn doesn't contain valid PeopleTileKey: null/0/android
12-08 14:53:17.136  1278  3203 W ChimeraUtils: Module com.google.android.gms.nearby_en has empty metadata display_name_string_id
12-08 14:53:17.138   566  1014 W InputManager-JNI: Input channel object 'cc82e2e com.example.dogglers/com.example.dogglers.HorizontalListActivity (client)' was disposed without first being removed with the input manager!
12-08 14:53:17.178  3580  3580 D LifecycleMonitor: Lifecycle status change: androidx.test.core.app.InstrumentationActivityInvoker$EmptyActivity@e1d5d43 in: PAUSED
12-08 14:53:17.178  3580  3580 V ActivityScenario: Activity lifecycle changed event received but ignored because the intent does not match. startActivityIntent=Intent { act=android.intent.action.MAIN cat=[android.intent.category.LAUNCHER] cmp=com.example.dogglers/.HorizontalListActivity }, activity.getIntent()=Intent { act=android.intent.action.MAIN cat=[android.intent.category.LAUNCHER] flg=0x10000000 cmp=com.example.dogglers/androidx.test.core.app.InstrumentationActivityInvoker$EmptyActivity }, activity=androidx.test.core.app.InstrumentationActivityInvoker$EmptyActivity@e1d5d43
12-08 14:53:17.184   348   411 I netd    : trafficSwapActiveStatsMap() <51.88ms>
12-08 14:53:17.199  3580  3580 D LifecycleMonitor: Lifecycle status change: androidx.test.core.app.InstrumentationActivityInvoker$BootstrapActivity@9988193 in: DESTROYED
12-08 14:53:17.199  3580  3580 V ActivityScenario: Activity lifecycle changed event received but ignored because the intent does not match. startActivityIntent=Intent { act=android.intent.action.MAIN cat=[android.intent.category.LAUNCHER] cmp=com.example.dogglers/.HorizontalListActivity }, activity.getIntent()=Intent { act=android.intent.action.MAIN cat=[android.intent.category.LAUNCHER] flg=0x10008000 cmp=com.example.dogglers/androidx.test.core.app.InstrumentationActivityInvoker$BootstrapActivity (has extras) }, activity=androidx.test.core.app.InstrumentationActivityInvoker$BootstrapActivity@9988193
12-08 14:53:17.201   349   349 D Zygote  : Forked child process 3994
12-08 14:53:17.205   348   411 I netd    : tetherGetStats() -> {[]} <2.98ms>
12-08 14:53:17.221  3994  3994 W oid.documentsu: Unexpected CPU variant for X86 using defaults: x86_64
12-08 14:53:17.233   887  1072 I PermissionControllerServiceImpl: Updating user sensitive for uid 10099
12-08 14:53:17.239   566   612 I ActivityTaskManager: Displayed com.example.dogglers/androidx.test.core.app.InstrumentationActivityInvoker$EmptyActivity: +427ms
12-08 14:53:17.241  1076  3975 D NetworkMonitor/100: PROBE_HTTPS https://www.google.com/generate_204 time=422ms ret=204 request={Connection=[close], User-Agent=[Mozilla/5.0 (X11; Linux x86_64) AppleWebKit/537.36 (KHTML, like Gecko) Chrome/60.0.3112.32 Safari/537.36]} headers={null=[HTTP/1.1 204 No Content], Alt-Svc=[h3=":443"; ma=2592000,h3-29=":443"; ma=2592000,h3-Q050=":443"; ma=2592000,h3-Q046=":443"; ma=2592000,h3-Q043=":443"; ma=2592000,quic=":443"; ma=2592000; v="46,43"], Connection=[close], Content-Length=[0], Cross-Origin-Resource-Policy=[cross-origin], Date=[Thu, 08 Dec 2022 12:53:17 GMT], X-Android-Received-Millis=[1670503997188], X-Android-Response-Source=[NETWORK 204], X-Android-Selected-Protocol=[http/1.1], X-Android-Sent-Millis=[1670503997083]}
12-08 14:53:17.251   444   462 I adbd    : jdwp connection from 3994
12-08 14:53:17.255   887  1072 I PermissionControllerServiceImpl: Updating user sensitive for uid 10094
12-08 14:53:17.265  3580  3580 D LifecycleMonitor: Lifecycle status change: androidx.test.core.app.InstrumentationActivityInvoker$EmptyActivity@372a516 in: PRE_ON_CREATE
12-08 14:53:17.265  3580  3580 V ActivityScenario: Activity lifecycle changed event received but ignored because the intent does not match. startActivityIntent=Intent { act=android.intent.action.MAIN cat=[android.intent.category.LAUNCHER] cmp=com.example.dogglers/.HorizontalListActivity }, activity.getIntent()=Intent { act=android.intent.action.MAIN cat=[android.intent.category.LAUNCHER] flg=0x10000000 cmp=com.example.dogglers/androidx.test.core.app.InstrumentationActivityInvoker$EmptyActivity }, activity=androidx.test.core.app.InstrumentationActivityInvoker$EmptyActivity@372a516
12-08 14:53:17.273   887  1104 W Role    : Cannot get ApplicationInfo for default holder: com.google.android.as
12-08 14:53:17.292   566   622 W system_server: Long monitor contention with owner Binder:566_11 (2418) at void com.android.server.pm.ShortcutService.scheduleSaveInner(int)(ShortcutService.java:1180) waiters=0 in void com.android.server.pm.ShortcutService.lambda$notifyListeners$2$ShortcutService(int, java.lang.String) for 223ms
12-08 14:53:17.309  1278  3712 I Nearby  : Start ble scanning from NearbyDirect:BluetoothAdapterWrapper [CONTEXT service_id=49 ]
12-08 14:53:17.321   887  1104 W Role    : Cannot get ApplicationInfo for default holder: com.google.android.as
12-08 14:53:17.326  3580  3580 D LifecycleMonitor: Lifecycle status change: androidx.test.core.app.InstrumentationActivityInvoker$EmptyActivity@372a516 in: CREATED
12-08 14:53:17.327  3580  3580 V ActivityScenario: Activity lifecycle changed event received but ignored because the intent does not match. startActivityIntent=Intent { act=android.intent.action.MAIN cat=[android.intent.category.LAUNCHER] cmp=com.example.dogglers/.HorizontalListActivity }, activity.getIntent()=Intent { act=android.intent.action.MAIN cat=[android.intent.category.LAUNCHER] flg=0x10000000 cmp=com.example.dogglers/androidx.test.core.app.InstrumentationActivityInvoker$EmptyActivity }, activity=androidx.test.core.app.InstrumentationActivityInvoker$EmptyActivity@372a516
12-08 14:53:17.331  3580  3580 D LifecycleMonitor: Lifecycle status change: androidx.test.core.app.InstrumentationActivityInvoker$EmptyActivity@372a516 in: STARTED
12-08 14:53:17.331  3580  3580 V ActivityScenario: Activity lifecycle changed event received but ignored because the intent does not match. startActivityIntent=Intent { act=android.intent.action.MAIN cat=[android.intent.category.LAUNCHER] cmp=com.example.dogglers/.HorizontalListActivity }, activity.getIntent()=Intent { act=android.intent.action.MAIN cat=[android.intent.category.LAUNCHER] flg=0x10000000 cmp=com.example.dogglers/androidx.test.core.app.InstrumentationActivityInvoker$EmptyActivity }, activity=androidx.test.core.app.InstrumentationActivityInvoker$EmptyActivity@372a516
12-08 14:53:17.337  3580  3580 D LifecycleMonitor: Lifecycle status change: androidx.test.core.app.InstrumentationActivityInvoker$EmptyActivity@372a516 in: RESUMED
12-08 14:53:17.338  3580  3580 V ActivityScenario: Activity lifecycle changed event received but ignored because the intent does not match. startActivityIntent=Intent { act=android.intent.action.MAIN cat=[android.intent.category.LAUNCHER] cmp=com.example.dogglers/.HorizontalListActivity }, activity.getIntent()=Intent { act=android.intent.action.MAIN cat=[android.intent.category.LAUNCHER] flg=0x10000000 cmp=com.example.dogglers/androidx.test.core.app.InstrumentationActivityInvoker$EmptyActivity }, activity=androidx.test.core.app.InstrumentationActivityInvoker$EmptyActivity@372a516
12-08 14:53:17.343   348   411 I netd    : bandwidthRemoveInterfaceQuota(eth0) <1.46ms>
12-08 14:53:17.344  1278  3712 D BluetoothAdapter: isLeEnabled(): ON
12-08 14:53:17.349   348   411 I netd    : bandwidthSetInterfaceQuota(eth0, 9223372036854775807) <1.96ms>
12-08 14:53:17.356  1076  3974 D NetworkMonitor/100: isCaptivePortal: isSuccessful()=true isPortal()=false RedirectUrl=null isPartialConnectivity()=false Time=763ms
12-08 14:53:17.383  1141  1141 D CarrierSvcBindHelper: No carrier app for: 0
12-08 14:53:17.384   365   383 D goldfish-address-space: claimShared: Ask to claim region [0x3eea30000 0x3ef840000]
12-08 14:53:17.395   365   383 D goldfish-address-space: claimShared: Ask to claim region [0x3f1054000 0x3f1e64000]
12-08 14:53:17.400   365   365 D goldfish-address-space: claimShared: Ask to claim region [0x3f1e67000 0x3f2c77000]
12-08 14:53:17.407  3994  3994 D CompatibilityChangeReporter: Compat change id reported: 171979766; UID 10070; state: DISABLED
12-08 14:53:17.412   873  1354 I bt_stack: [INFO:gatt_api.cc(1042)] GATT_Deregister gatt_if=6
12-08 14:53:17.413  1278  3712 I Nearby  : M hardware scan: 1 clients, scanMode= OPPORTUNISTIC, callback type= ALL_MATCHES [CONTEXT service_id=49 ]
12-08 14:53:17.413  1278  3712 D BluetoothAdapter: isLeEnabled(): ON
12-08 14:53:17.428   566   823 D ConnectivityService: [100 WIFI] validation passed
12-08 14:53:17.437   566   612 I ActivityTaskManager: Displayed com.example.dogglers/androidx.test.core.app.InstrumentationActivityInvoker$EmptyActivity: +319ms
12-08 14:53:17.481   880   880 D InterruptionStateProvider: No bubble up: not allowed to bubble: 0|android|13|PreBootBroadcaster|1000
12-08 14:53:17.481   880   880 D InterruptionStateProvider: No heads up: unimportant notification: 0|android|13|PreBootBroadcaster|1000
12-08 14:53:17.499  1278  3532 I Fitness : OnPackageChangedOperation got intent: Intent { act=android.intent.action.PACKAGE_CHANGED dat=package:com.google.android.apps.messaging flg=0x45000010 pkg=com.google.android.gms cmp=com.google.android.gms/.chimera.PersistentIntentOperationService (has extras) } [CONTEXT service_id=17 ]
12-08 14:53:17.500  1612  1612 I GoogleInputMethodService: GoogleInputMethodService.onFinishInput():3420
12-08 14:53:17.500   873  1354 I bluetooth: system/bt/stack/gatt/gatt_api.cc:1019 GATT_Register: Allocated name:GattClient uuid:f5f5b208-09c8-4e7b-d4e2-2789c38580a2 gatt_if:6 eatt_support:0
12-08 14:53:17.502  1278  1522 D BluetoothLeScanner: onScannerRegistered() - status=0 scannerId=6 mScannerId=0
12-08 14:53:17.502  1612  1612 I GoogleInputMethodService: GoogleInputMethodService.onStartInput():2002
12-08 14:53:17.507  3580  3580 D LifecycleMonitor: Lifecycle status change: androidx.test.core.app.InstrumentationActivityInvoker$EmptyActivity@e1d5d43 in: STOPPED
12-08 14:53:17.508  3580  3580 V ActivityScenario: Activity lifecycle changed event received but ignored because the intent does not match. startActivityIntent=Intent { act=android.intent.action.MAIN cat=[android.intent.category.LAUNCHER] cmp=com.example.dogglers/.HorizontalListActivity }, activity.getIntent()=Intent { act=android.intent.action.MAIN cat=[android.intent.category.LAUNCHER] flg=0x10000000 cmp=com.example.dogglers/androidx.test.core.app.InstrumentationActivityInvoker$EmptyActivity }, activity=androidx.test.core.app.InstrumentationActivityInvoker$EmptyActivity@e1d5d43
12-08 14:53:17.512  1612  1612 I DeviceUnlockedTag: DeviceUnlockedTag.notifyDeviceLockStatusChanged():31 Notify device unlocked.
12-08 14:53:17.526  1400  1505 I Icing   : Indexing com.google.android.gms-apps from com.google.android.gms
12-08 14:53:17.528   365   365 D goldfish-address-space: claimShared: Ask to claim region [0x3ece10000 0x3ed710000]
12-08 14:53:17.537  3994  3994 V GraphicsEnvironment: ANGLE Developer option for 'com.google.android.documentsui' set to: 'default'
12-08 14:53:17.538  3994  3994 V GraphicsEnvironment: Neither updatable production driver nor prerelease driver is supported.
12-08 14:53:17.549  3154  3330 W SystemServiceRegistry: No service published for: persistent_data_block
12-08 14:53:17.562  3994  3994 D NetworkSecurityConfig: No Network Security Config specified, using platform default
12-08 14:53:17.562  3994  3994 D NetworkSecurityConfig: No Network Security Config specified, using platform default
12-08 14:53:17.575  1400  1505 I Icing   : Indexing done com.google.android.gms-apps
12-08 14:53:17.578  1141  1141 D CarrierSvcBindHelper: No carrier app for: 0
12-08 14:53:17.578  1141  1141 D ImsResolver: maybeAddedImsService, packageName: com.google.android.gms
12-08 14:53:17.590  1278  3304 W .gms.persisten: Long monitor contention with owner NearbyDirectMain (3712) at void acta.b(abwp, com.google.android.gms.nearby.common.ble.BleSettings)(:com.google.android.gms@214218056@21.42.18 (190800-410302452):4) waiters=0 in void acta.d(int) for 148ms
12-08 14:53:17.591  1141  1141 D ImsResolver: maybeAddedImsService, packageName: com.google.android.settings.intelligence
12-08 14:53:17.614  3154  3330 D HostConnection: createUnique: call
12-08 14:53:17.615  3154  3330 D HostConnection: HostConnection::get() New Host Connection established 0x72e091e57f50, tid 3330
12-08 14:53:17.628   566   702 I RoleService: Granting default roles...
12-08 14:53:17.634  3154  3330 D HostConnection: HostComposition ext ANDROID_EMU_CHECKSUM_HELPER_v1 ANDROID_EMU_native_sync_v2 ANDROID_EMU_native_sync_v3 ANDROID_EMU_native_sync_v4 ANDROID_EMU_dma_v1 ANDROID_EMU_direct_mem ANDROID_EMU_host_composition_v1 ANDROID_EMU_host_composition_v2 ANDROID_EMU_vulkan ANDROID_EMU_deferred_vulkan_commands ANDROID_EMU_vulkan_null_optional_strings ANDROID_EMU_vulkan_create_resources_with_requirements ANDROID_EMU_YUV_Cache ANDROID_EMU_vulkan_ignored_handles ANDROID_EMU_has_shared_slots_host_memory_allocator ANDROID_EMU_vulkan_free_memory_sync ANDROID_EMU_vulkan_shader_float16_int8 ANDROID_EMU_vulkan_async_queue_submit ANDROID_EMU_vulkan_queue_submit_with_commands ANDROID_EMU_sync_buffer_data ANDROID_EMU_read_color_buffer_dma GL_OES_EGL_image_external_essl3 GL_OES_vertex_array_object GL_KHR_texture_compression_astc_ldr ANDROID_EMU_host_side_tracing ANDROID_EMU_gles_max_version_3_1
12-08 14:53:17.635  1400  3224 I SettingsChangedOp: FSA1 package status changed.
12-08 14:53:17.644  3154  3330 D EGL_emulation: eglCreateContext: 0x72e091e571d0: maj 3 min 1 rcv 4
12-08 14:53:17.658  3580  3580 D LifecycleMonitor: Lifecycle status change: androidx.test.core.app.InstrumentationActivityInvoker$EmptyActivity@e1d5d43 in: DESTROYED
12-08 14:53:17.658  3580  3580 V ActivityScenario: Activity lifecycle changed event received but ignored because the intent does not match. startActivityIntent=Intent { act=android.intent.action.MAIN cat=[android.intent.category.LAUNCHER] cmp=com.example.dogglers/.HorizontalListActivity }, activity.getIntent()=Intent { act=android.intent.action.MAIN cat=[android.intent.category.LAUNCHER] flg=0x10000000 cmp=com.example.dogglers/androidx.test.core.app.InstrumentationActivityInvoker$EmptyActivity }, activity=androidx.test.core.app.InstrumentationActivityInvoker$EmptyActivity@e1d5d43
12-08 14:53:17.666  1197  1210 I s.nexuslaunche: NativeAlloc concurrent copying GC freed 23162(1034KB) AllocSpace objects, 5(488KB) LOS objects, 49% free, 4455KB/8910KB, paused 2.132ms,16us total 104.108ms
12-08 14:53:17.671   566  2892 W InputManager-JNI: Input channel object 'cf320a3 com.example.dogglers/androidx.test.core.app.InstrumentationActivityInvoker$EmptyActivity (client)' was disposed without first being removed with the input manager!
12-08 14:53:17.682  3580  3580 D LifecycleMonitor: Lifecycle status change: androidx.test.core.app.InstrumentationActivityInvoker$EmptyActivity@372a516 in: PAUSED
12-08 14:53:17.682  3580  3580 V ActivityScenario: Activity lifecycle changed event received but ignored because the intent does not match. startActivityIntent=Intent { act=android.intent.action.MAIN cat=[android.intent.category.LAUNCHER] cmp=com.example.dogglers/.HorizontalListActivity }, activity.getIntent()=Intent { act=android.intent.action.MAIN cat=[android.intent.category.LAUNCHER] flg=0x10000000 cmp=com.example.dogglers/androidx.test.core.app.InstrumentationActivityInvoker$EmptyActivity }, activity=androidx.test.core.app.InstrumentationActivityInvoker$EmptyActivity@372a516
12-08 14:53:17.686   880   991 D EGL_emulation: app_time_stats: avg=300.75ms min=24.59ms max=716.33ms count=5
12-08 14:53:17.681  3154  3330 D EGL_emulation: eglMakeCurrent: 0x72e091e571d0: ver 3 1 (tinfo 0x72e2b07d2200) (first time)
12-08 14:53:17.707  1197  1212 W System  : A resource failed to call release.
12-08 14:53:17.707  1197  1212 W System  : A resource failed to call release.
12-08 14:53:17.707  1197  1212 W System  : A resource failed to call release.
12-08 14:53:17.707  1197  1212 W System  : A resource failed to call release.
12-08 14:53:17.707  1197  1212 W System  : A resource failed to call release.
12-08 14:53:17.708  1197  1212 W System  : A resource failed to call release.
12-08 14:53:17.708  1197  1212 W System  : A resource failed to call release.
12-08 14:53:17.708  1197  1212 W System  : A resource failed to call release.
12-08 14:53:17.708  1197  1212 W System  : A resource failed to call release.
12-08 14:53:17.710  1400  3224 I FsaEntryPointSwitcher: setting component enabled=1 for com.google.android.gms.people.sync.focus.ContactsSyncAdapterService
12-08 14:53:17.714  1400  3224 I FsaEntryPointSwitcher: Setting component enabled succeeds.
12-08 14:53:17.715  1400  3224 I FsaEntryPointSwitcher: setting component enabled=2 for com.google.android.syncadapters.contacts.ContactsSyncAdapterService
12-08 14:53:17.715  3580  3720 I TestRunner: finished: horizontal_scroll_content_at_last_position(com.example.dogglers.HorizontalListTests)
